Archive member included to satisfy reference by file (symbol)

c:/program files (x86)/atmel/studio/7.0/toolchain/avr8/avr8-gnu-toolchain/bin/../lib/gcc/avr/5.4.0/../../../../avr/lib/avr5\libm.a(divsf3.o)
                              MCAL/FXP/FXP.o (__divsf3)
c:/program files (x86)/atmel/studio/7.0/toolchain/avr8/avr8-gnu-toolchain/bin/../lib/gcc/avr/5.4.0/../../../../avr/lib/avr5\libm.a(divsf3x.o)
                              c:/program files (x86)/atmel/studio/7.0/toolchain/avr8/avr8-gnu-toolchain/bin/../lib/gcc/avr/5.4.0/../../../../avr/lib/avr5\libm.a(divsf3.o) (__divsf3x)
c:/program files (x86)/atmel/studio/7.0/toolchain/avr8/avr8-gnu-toolchain/bin/../lib/gcc/avr/5.4.0/../../../../avr/lib/avr5\libm.a(fixsfsi.o)
                              MCAL/FXP/FXP.o (__fixsfsi)
c:/program files (x86)/atmel/studio/7.0/toolchain/avr8/avr8-gnu-toolchain/bin/../lib/gcc/avr/5.4.0/../../../../avr/lib/avr5\libm.a(fixunssfsi.o)
                              HAL/Ultra_Sonic/Ultrasonic.o (__fixunssfsi)
c:/program files (x86)/atmel/studio/7.0/toolchain/avr8/avr8-gnu-toolchain/bin/../lib/gcc/avr/5.4.0/../../../../avr/lib/avr5\libm.a(floatsisf.o)
                              HAL/Ultra_Sonic/Ultrasonic.o (__floatunsisf)
c:/program files (x86)/atmel/studio/7.0/toolchain/avr8/avr8-gnu-toolchain/bin/../lib/gcc/avr/5.4.0/../../../../avr/lib/avr5\libm.a(fp_inf.o)
                              c:/program files (x86)/atmel/studio/7.0/toolchain/avr8/avr8-gnu-toolchain/bin/../lib/gcc/avr/5.4.0/../../../../avr/lib/avr5\libm.a(divsf3x.o) (__fp_inf)
c:/program files (x86)/atmel/studio/7.0/toolchain/avr8/avr8-gnu-toolchain/bin/../lib/gcc/avr/5.4.0/../../../../avr/lib/avr5\libm.a(fp_nan.o)
                              c:/program files (x86)/atmel/studio/7.0/toolchain/avr8/avr8-gnu-toolchain/bin/../lib/gcc/avr/5.4.0/../../../../avr/lib/avr5\libm.a(divsf3x.o) (__fp_nan)
c:/program files (x86)/atmel/studio/7.0/toolchain/avr8/avr8-gnu-toolchain/bin/../lib/gcc/avr/5.4.0/../../../../avr/lib/avr5\libm.a(fp_pscA.o)
                              c:/program files (x86)/atmel/studio/7.0/toolchain/avr8/avr8-gnu-toolchain/bin/../lib/gcc/avr/5.4.0/../../../../avr/lib/avr5\libm.a(divsf3x.o) (__fp_pscA)
c:/program files (x86)/atmel/studio/7.0/toolchain/avr8/avr8-gnu-toolchain/bin/../lib/gcc/avr/5.4.0/../../../../avr/lib/avr5\libm.a(fp_pscB.o)
                              c:/program files (x86)/atmel/studio/7.0/toolchain/avr8/avr8-gnu-toolchain/bin/../lib/gcc/avr/5.4.0/../../../../avr/lib/avr5\libm.a(divsf3x.o) (__fp_pscB)
c:/program files (x86)/atmel/studio/7.0/toolchain/avr8/avr8-gnu-toolchain/bin/../lib/gcc/avr/5.4.0/../../../../avr/lib/avr5\libm.a(fp_round.o)
                              c:/program files (x86)/atmel/studio/7.0/toolchain/avr8/avr8-gnu-toolchain/bin/../lib/gcc/avr/5.4.0/../../../../avr/lib/avr5\libm.a(divsf3.o) (__fp_round)
c:/program files (x86)/atmel/studio/7.0/toolchain/avr8/avr8-gnu-toolchain/bin/../lib/gcc/avr/5.4.0/../../../../avr/lib/avr5\libm.a(fp_split3.o)
                              c:/program files (x86)/atmel/studio/7.0/toolchain/avr8/avr8-gnu-toolchain/bin/../lib/gcc/avr/5.4.0/../../../../avr/lib/avr5\libm.a(divsf3x.o) (__fp_split3)
c:/program files (x86)/atmel/studio/7.0/toolchain/avr8/avr8-gnu-toolchain/bin/../lib/gcc/avr/5.4.0/../../../../avr/lib/avr5\libm.a(fp_zero.o)
                              c:/program files (x86)/atmel/studio/7.0/toolchain/avr8/avr8-gnu-toolchain/bin/../lib/gcc/avr/5.4.0/../../../../avr/lib/avr5\libm.a(fixunssfsi.o) (__fp_zero)
c:/program files (x86)/atmel/studio/7.0/toolchain/avr8/avr8-gnu-toolchain/bin/../lib/gcc/avr/5.4.0/../../../../avr/lib/avr5\libm.a(mulsf3.o)
                              HAL/Ultra_Sonic/Ultrasonic.o (__mulsf3)
c:/program files (x86)/atmel/studio/7.0/toolchain/avr8/avr8-gnu-toolchain/bin/../lib/gcc/avr/5.4.0/../../../../avr/lib/avr5\libm.a(mulsf3x.o)
                              c:/program files (x86)/atmel/studio/7.0/toolchain/avr8/avr8-gnu-toolchain/bin/../lib/gcc/avr/5.4.0/../../../../avr/lib/avr5\libm.a(mulsf3.o) (__mulsf3x)
c:/program files (x86)/atmel/studio/7.0/toolchain/avr8/avr8-gnu-toolchain/bin/../lib/gcc/avr/5.4.0/avr5\libgcc.a(_divmodhi4.o)
                              MCAL/PWM/PWM_Core.o (__divmodhi4)
c:/program files (x86)/atmel/studio/7.0/toolchain/avr8/avr8-gnu-toolchain/bin/../lib/gcc/avr/5.4.0/avr5\libgcc.a(_udivmodsi4.o)
                              HAL/LCD/LCD_Core.o (__udivmodsi4)
c:/program files (x86)/atmel/studio/7.0/toolchain/avr8/avr8-gnu-toolchain/bin/../lib/gcc/avr/5.4.0/avr5\libgcc.a(_divmodsi4.o)
                              HAL/LCD/LCD_Core.o (__divmodsi4)
c:/program files (x86)/atmel/studio/7.0/toolchain/avr8/avr8-gnu-toolchain/bin/../lib/gcc/avr/5.4.0/avr5\libgcc.a(_negsi2.o)
                              c:/program files (x86)/atmel/studio/7.0/toolchain/avr8/avr8-gnu-toolchain/bin/../lib/gcc/avr/5.4.0/avr5\libgcc.a(_divmodsi4.o) (__negsi2)
c:/program files (x86)/atmel/studio/7.0/toolchain/avr8/avr8-gnu-toolchain/bin/../lib/gcc/avr/5.4.0/avr5\libgcc.a(_exit.o)
                              C:/Program Files (x86)/Atmel/Studio/7.0/Packs/atmel/ATmega_DFP/1.7.374/gcc/dev/atmega32/avr5/crtatmega32.o (exit)
c:/program files (x86)/atmel/studio/7.0/toolchain/avr8/avr8-gnu-toolchain/bin/../lib/gcc/avr/5.4.0/avr5\libgcc.a(_copy_data.o)
                              APP/CFGH/MCAL_CFG/PORT_CFG/PORT_LCFG.o (__do_copy_data)
c:/program files (x86)/atmel/studio/7.0/toolchain/avr8/avr8-gnu-toolchain/bin/../lib/gcc/avr/5.4.0/avr5\libgcc.a(_clear_bss.o)
                              MCAL/ADC/ADC_Core.o (__do_clear_bss)
c:/program files (x86)/atmel/studio/7.0/toolchain/avr8/avr8-gnu-toolchain/bin/../lib/gcc/avr/5.4.0/avr5\libgcc.a(_mulhisi3.o)
                              MCAL/FXP/FXP.o (__mulhisi3)
c:/program files (x86)/atmel/studio/7.0/toolchain/avr8/avr8-gnu-toolchain/bin/../lib/gcc/avr/5.4.0/avr5\libgcc.a(_umulhisi3.o)
                              MCAL/IRQH/IRQH_Core.o (__umulhisi3)
c:/program files (x86)/atmel/studio/7.0/toolchain/avr8/avr8-gnu-toolchain/bin/../lib/gcc/avr/5.4.0/avr5\libgcc.a(_usmulhisi3.o)
                              c:/program files (x86)/atmel/studio/7.0/toolchain/avr8/avr8-gnu-toolchain/bin/../lib/gcc/avr/5.4.0/avr5\libgcc.a(_mulhisi3.o) (__usmulhisi3_tail)
c:/program files (x86)/atmel/studio/7.0/toolchain/avr8/avr8-gnu-toolchain/bin/../lib/gcc/avr/5.4.0/avr5\libgcc.a(_muluhisi3.o)
                              MCAL/IRQH/IRQH_Core.o (__muluhisi3)
c:/program files (x86)/atmel/studio/7.0/toolchain/avr8/avr8-gnu-toolchain/bin/../lib/gcc/avr/5.4.0/avr5\libgcc.a(_udivmodhi4.o)
                              c:/program files (x86)/atmel/studio/7.0/toolchain/avr8/avr8-gnu-toolchain/bin/../lib/gcc/avr/5.4.0/avr5\libgcc.a(_divmodhi4.o) (__udivmodhi4)

Allocating common symbols
Common symbol       size              file

UART_TRANSMITE_DATA
                    0x7               MCAL/UART/UART_Core.o
UART_RECEIVED_DATA  0xa               MCAL/UART/UART_Core.o

Discarded input sections

 .data          0x00000000        0x0 C:/Program Files (x86)/Atmel/Studio/7.0/Packs/atmel/ATmega_DFP/1.7.374/gcc/dev/atmega32/avr5/crtatmega32.o
 .bss           0x00000000        0x0 C:/Program Files (x86)/Atmel/Studio/7.0/Packs/atmel/ATmega_DFP/1.7.374/gcc/dev/atmega32/avr5/crtatmega32.o
 .text          0x00000000        0x0 APP/CFGH/MCAL_CFG/PORT_CFG/PORT_LCFG.o
 .data          0x00000000        0x0 APP/CFGH/MCAL_CFG/PORT_CFG/PORT_LCFG.o
 .bss           0x00000000        0x0 APP/CFGH/MCAL_CFG/PORT_CFG/PORT_LCFG.o
 .text          0x00000000        0x0 APP/MAIN/main.o
 .data          0x00000000        0x0 APP/MAIN/main.o
 .bss           0x00000000        0x0 APP/MAIN/main.o
 .text          0x00000000        0x0 HAL/BTN/BTN.o
 .data          0x00000000        0x0 HAL/BTN/BTN.o
 .bss           0x00000000        0x0 HAL/BTN/BTN.o
 .text.BTN_GetValue
                0x00000000       0x4e HAL/BTN/BTN.o
 .debug_info    0x00000000      0x189 HAL/BTN/BTN.o
 .debug_abbrev  0x00000000      0x111 HAL/BTN/BTN.o
 .debug_loc     0x00000000       0xc9 HAL/BTN/BTN.o
 .debug_aranges
                0x00000000       0x20 HAL/BTN/BTN.o
 .debug_ranges  0x00000000       0x10 HAL/BTN/BTN.o
 .debug_line    0x00000000      0x101 HAL/BTN/BTN.o
 .debug_str     0x00000000      0x1fd HAL/BTN/BTN.o
 .comment       0x00000000       0x31 HAL/BTN/BTN.o
 .debug_frame   0x00000000       0x3c HAL/BTN/BTN.o
 .text          0x00000000        0x0 HAL/EEPROM/EEPROM_Core.o
 .data          0x00000000        0x0 HAL/EEPROM/EEPROM_Core.o
 .bss           0x00000000        0x0 HAL/EEPROM/EEPROM_Core.o
 .text.EEPROM_WriteByte
                0x00000000       0x2e HAL/EEPROM/EEPROM_Core.o
 .text.EEPROM_WriteMultipleBytes
                0x00000000       0x48 HAL/EEPROM/EEPROM_Core.o
 .text.EEPROM_ReadByte
                0x00000000       0x34 HAL/EEPROM/EEPROM_Core.o
 .debug_info    0x00000000      0x2b9 HAL/EEPROM/EEPROM_Core.o
 .debug_abbrev  0x00000000       0xdb HAL/EEPROM/EEPROM_Core.o
 .debug_loc     0x00000000      0x2ab HAL/EEPROM/EEPROM_Core.o
 .debug_aranges
                0x00000000       0x30 HAL/EEPROM/EEPROM_Core.o
 .debug_ranges  0x00000000       0x20 HAL/EEPROM/EEPROM_Core.o
 .debug_line    0x00000000      0x128 HAL/EEPROM/EEPROM_Core.o
 .debug_str     0x00000000      0x25a HAL/EEPROM/EEPROM_Core.o
 .comment       0x00000000       0x31 HAL/EEPROM/EEPROM_Core.o
 .debug_frame   0x00000000       0x7c HAL/EEPROM/EEPROM_Core.o
 .text          0x00000000        0x0 HAL/Keypad/KeyPad_Core.o
 .data          0x00000000        0x0 HAL/Keypad/KeyPad_Core.o
 .bss           0x00000000        0x0 HAL/Keypad/KeyPad_Core.o
 .text.KeyPad_Init
                0x00000000       0x24 HAL/Keypad/KeyPad_Core.o
 .text.KeyPad_GetValue
                0x00000000       0x9a HAL/Keypad/KeyPad_Core.o
 .rodata.KEYPAD_VALUES
                0x00000000       0x10 HAL/Keypad/KeyPad_Core.o
 .debug_info    0x00000000      0x2f9 HAL/Keypad/KeyPad_Core.o
 .debug_abbrev  0x00000000      0x178 HAL/Keypad/KeyPad_Core.o
 .debug_loc     0x00000000      0x14b HAL/Keypad/KeyPad_Core.o
 .debug_aranges
                0x00000000       0x28 HAL/Keypad/KeyPad_Core.o
 .debug_ranges  0x00000000       0x18 HAL/Keypad/KeyPad_Core.o
 .debug_line    0x00000000      0x1a1 HAL/Keypad/KeyPad_Core.o
 .debug_str     0x00000000      0x2a9 HAL/Keypad/KeyPad_Core.o
 .comment       0x00000000       0x31 HAL/Keypad/KeyPad_Core.o
 .debug_frame   0x00000000       0x54 HAL/Keypad/KeyPad_Core.o
 .text          0x00000000        0x0 HAL/LCD/LCD_Core.o
 .data          0x00000000        0x0 HAL/LCD/LCD_Core.o
 .bss           0x00000000        0x0 HAL/LCD/LCD_Core.o
 .text.LCD_GoTo
                0x00000000       0x30 HAL/LCD/LCD_Core.o
 .text.LCD_Clear
                0x00000000        0x8 HAL/LCD/LCD_Core.o
 .text          0x00000000        0x0 HAL/LED/LED.o
 .data          0x00000000        0x0 HAL/LED/LED.o
 .bss           0x00000000        0x0 HAL/LED/LED.o
 .text.LED_SetValue
                0x00000000        0x6 HAL/LED/LED.o
 .text.LED_Toggle
                0x00000000        0x6 HAL/LED/LED.o
 .debug_info    0x00000000      0x113 HAL/LED/LED.o
 .debug_abbrev  0x00000000       0x8b HAL/LED/LED.o
 .debug_loc     0x00000000       0x63 HAL/LED/LED.o
 .debug_aranges
                0x00000000       0x28 HAL/LED/LED.o
 .debug_ranges  0x00000000       0x18 HAL/LED/LED.o
 .debug_line    0x00000000       0x88 HAL/LED/LED.o
 .debug_str     0x00000000      0x1ab HAL/LED/LED.o
 .comment       0x00000000       0x31 HAL/LED/LED.o
 .debug_frame   0x00000000       0x34 HAL/LED/LED.o
 .text          0x00000000        0x0 HAL/Seven_Seg/SevSeg_Core.o
 .data          0x00000000        0x0 HAL/Seven_Seg/SevSeg_Core.o
 .bss           0x00000000        0x0 HAL/Seven_Seg/SevSeg_Core.o
 .text.SevSeg_Init
                0x00000000        0x2 HAL/Seven_Seg/SevSeg_Core.o
 .text.SevSeg_Display
                0x00000000        0x2 HAL/Seven_Seg/SevSeg_Core.o
 .debug_info    0x00000000       0xf0 HAL/Seven_Seg/SevSeg_Core.o
 .debug_abbrev  0x00000000       0xa2 HAL/Seven_Seg/SevSeg_Core.o
 .debug_aranges
                0x00000000       0x28 HAL/Seven_Seg/SevSeg_Core.o
 .debug_ranges  0x00000000       0x18 HAL/Seven_Seg/SevSeg_Core.o
 .debug_line    0x00000000       0x70 HAL/Seven_Seg/SevSeg_Core.o
 .debug_str     0x00000000      0x1d4 HAL/Seven_Seg/SevSeg_Core.o
 .comment       0x00000000       0x31 HAL/Seven_Seg/SevSeg_Core.o
 .debug_frame   0x00000000       0x34 HAL/Seven_Seg/SevSeg_Core.o
 .text          0x00000000        0x0 HAL/Temp_Sensor/TempSensor_Core.o
 .data          0x00000000        0x0 HAL/Temp_Sensor/TempSensor_Core.o
 .bss           0x00000000        0x0 HAL/Temp_Sensor/TempSensor_Core.o
 .text.TempSensor_Init
                0x00000000        0x6 HAL/Temp_Sensor/TempSensor_Core.o
 .text.TempSensor_Read
                0x00000000       0x24 HAL/Temp_Sensor/TempSensor_Core.o
 .debug_info    0x00000000       0xfa HAL/Temp_Sensor/TempSensor_Core.o
 .debug_abbrev  0x00000000       0xac HAL/Temp_Sensor/TempSensor_Core.o
 .debug_loc     0x00000000       0x24 HAL/Temp_Sensor/TempSensor_Core.o
 .debug_aranges
                0x00000000       0x28 HAL/Temp_Sensor/TempSensor_Core.o
 .debug_ranges  0x00000000       0x18 HAL/Temp_Sensor/TempSensor_Core.o
 .debug_line    0x00000000       0xa7 HAL/Temp_Sensor/TempSensor_Core.o
 .debug_str     0x00000000      0x1cc HAL/Temp_Sensor/TempSensor_Core.o
 .comment       0x00000000       0x31 HAL/Temp_Sensor/TempSensor_Core.o
 .debug_frame   0x00000000       0x34 HAL/Temp_Sensor/TempSensor_Core.o
 .text          0x00000000        0x0 HAL/Ultra_Sonic/Ultrasonic.o
 .data          0x00000000        0x0 HAL/Ultra_Sonic/Ultrasonic.o
 .bss           0x00000000        0x0 HAL/Ultra_Sonic/Ultrasonic.o
 .text.UltraSonic_Init
                0x00000000        0x2 HAL/Ultra_Sonic/Ultrasonic.o
 .text.UltraSonic_Trigger
                0x00000000       0x1a HAL/Ultra_Sonic/Ultrasonic.o
 .text.Ultrasonic_GetDistance
                0x00000000       0x22 HAL/Ultra_Sonic/Ultrasonic.o
 .debug_info    0x00000000      0x1c6 HAL/Ultra_Sonic/Ultrasonic.o
 .debug_abbrev  0x00000000      0x157 HAL/Ultra_Sonic/Ultrasonic.o
 .debug_loc     0x00000000       0x99 HAL/Ultra_Sonic/Ultrasonic.o
 .debug_aranges
                0x00000000       0x30 HAL/Ultra_Sonic/Ultrasonic.o
 .debug_ranges  0x00000000       0x20 HAL/Ultra_Sonic/Ultrasonic.o
 .debug_line    0x00000000      0x146 HAL/Ultra_Sonic/Ultrasonic.o
 .debug_str     0x00000000      0x251 HAL/Ultra_Sonic/Ultrasonic.o
 .comment       0x00000000       0x31 HAL/Ultra_Sonic/Ultrasonic.o
 .debug_frame   0x00000000       0x44 HAL/Ultra_Sonic/Ultrasonic.o
 .text          0x00000000        0x0 MCAL/ADC/ADC_Core.o
 .data          0x00000000        0x0 MCAL/ADC/ADC_Core.o
 .bss           0x00000000        0x0 MCAL/ADC/ADC_Core.o
 .text.ADC_Init
                0x00000000       0x36 MCAL/ADC/ADC_Core.o
 .text.ADC_Read
                0x00000000        0x8 MCAL/ADC/ADC_Core.o
 .text          0x00000000        0x0 MCAL/DIO/DIO_Core.o
 .data          0x00000000        0x0 MCAL/DIO/DIO_Core.o
 .bss           0x00000000        0x0 MCAL/DIO/DIO_Core.o
 .text.DIO_ReadChennel
                0x00000000       0x82 MCAL/DIO/DIO_Core.o
 .text.DIO_FlipChennel
                0x00000000       0x82 MCAL/DIO/DIO_Core.o
 .text.DIO_WritePort
                0x00000000       0x26 MCAL/DIO/DIO_Core.o
 .text.DIO_ReadPort
                0x00000000       0x36 MCAL/DIO/DIO_Core.o
 .text          0x00000000        0x0 MCAL/FXP/FXP.o
 .data          0x00000000        0x0 MCAL/FXP/FXP.o
 .bss           0x00000000        0x0 MCAL/FXP/FXP.o
 .text.fixed_to_float
                0x00000000       0x18 MCAL/FXP/FXP.o
 .text          0x00000000        0x0 MCAL/GPT/GPT_Core.o
 .data          0x00000000        0x0 MCAL/GPT/GPT_Core.o
 .bss           0x00000000        0x0 MCAL/GPT/GPT_Core.o
 .text.GPT_Init
                0x00000000       0x1a MCAL/GPT/GPT_Core.o
 .text.GPT_SetTime
                0x00000000       0x5c MCAL/GPT/GPT_Core.o
 .text          0x00000000        0x0 MCAL/I2C/I2C_Core.o
 .data          0x00000000        0x0 MCAL/I2C/I2C_Core.o
 .bss           0x00000000        0x0 MCAL/I2C/I2C_Core.o
 .text.I2C_MasterInit
                0x00000000       0x1e MCAL/I2C/I2C_Core.o
 .text.I2C_StartCondition
                0x00000000       0x1a MCAL/I2C/I2C_Core.o
 .text.I2C_RepeatedStart
                0x00000000       0x1c MCAL/I2C/I2C_Core.o
 .text.I2C_SendAddress_WriteOperation
                0x00000000       0x18 MCAL/I2C/I2C_Core.o
 .text.I2C_SendAddress_ReadOperation
                0x00000000       0x1e MCAL/I2C/I2C_Core.o
 .text.I2C_WriteByte
                0x00000000       0x16 MCAL/I2C/I2C_Core.o
 .text.I2C_ReadByte
                0x00000000       0x16 MCAL/I2C/I2C_Core.o
 .text.I2C_StopCondition
                0x00000000        0x6 MCAL/I2C/I2C_Core.o
 .debug_info    0x00000000      0x171 MCAL/I2C/I2C_Core.o
 .debug_abbrev  0x00000000       0xa5 MCAL/I2C/I2C_Core.o
 .debug_loc     0x00000000       0x8e MCAL/I2C/I2C_Core.o
 .debug_aranges
                0x00000000       0x58 MCAL/I2C/I2C_Core.o
 .debug_ranges  0x00000000       0x48 MCAL/I2C/I2C_Core.o
 .debug_line    0x00000000      0x1d6 MCAL/I2C/I2C_Core.o
 .debug_str     0x00000000      0x213 MCAL/I2C/I2C_Core.o
 .comment       0x00000000       0x31 MCAL/I2C/I2C_Core.o
 .debug_frame   0x00000000       0x94 MCAL/I2C/I2C_Core.o
 .text          0x00000000        0x0 MCAL/ICU/ICU_Core.o
 .data          0x00000000        0x0 MCAL/ICU/ICU_Core.o
 .bss           0x00000000        0x0 MCAL/ICU/ICU_Core.o
 .text.ICU_Init
                0x00000000       0x12 MCAL/ICU/ICU_Core.o
 .text.ICU_Capture
                0x00000000       0xaa MCAL/ICU/ICU_Core.o
 .bss.time.1601
                0x00000000        0x4 MCAL/ICU/ICU_Core.o
 .text          0x00000000        0x0 MCAL/IRQH/IRQH_Core.o
 .data          0x00000000        0x0 MCAL/IRQH/IRQH_Core.o
 .bss           0x00000000        0x0 MCAL/IRQH/IRQH_Core.o
 .text.IRQH_SetGlobalINT
                0x00000000       0x18 MCAL/IRQH/IRQH_Core.o
 .text.IRQH_SetExternalINT
                0x00000000       0x14 MCAL/IRQH/IRQH_Core.o
 .text.IRQH_Set_CallBack
                0x00000000       0x12 MCAL/IRQH/IRQH_Core.o
 .text          0x00000000        0x0 MCAL/LUT_Sine/LUT.o
 .data          0x00000000        0x0 MCAL/LUT_Sine/LUT.o
 .bss           0x00000000        0x0 MCAL/LUT_Sine/LUT.o
 .text.sine_lookup
                0x00000000       0x8a MCAL/LUT_Sine/LUT.o
 .text.output_sine_wave
                0x00000000       0x38 MCAL/LUT_Sine/LUT.o
 .text.draw_sine_wave
                0x00000000       0x28 MCAL/LUT_Sine/LUT.o
 .bss.Counter   0x00000000        0x2 MCAL/LUT_Sine/LUT.o
 .rodata.sine_lookup_table
                0x00000000       0xb6 MCAL/LUT_Sine/LUT.o
 .debug_info    0x00000000      0x23c MCAL/LUT_Sine/LUT.o
 .debug_abbrev  0x00000000      0x14b MCAL/LUT_Sine/LUT.o
 .debug_loc     0x00000000      0x123 MCAL/LUT_Sine/LUT.o
 .debug_aranges
                0x00000000       0x30 MCAL/LUT_Sine/LUT.o
 .debug_ranges  0x00000000       0x20 MCAL/LUT_Sine/LUT.o
 .debug_line    0x00000000      0x148 MCAL/LUT_Sine/LUT.o
 .debug_str     0x00000000      0x1fc MCAL/LUT_Sine/LUT.o
 .comment       0x00000000       0x31 MCAL/LUT_Sine/LUT.o
 .debug_frame   0x00000000       0x50 MCAL/LUT_Sine/LUT.o
 .text          0x00000000        0x0 MCAL/PORT/PORT_Core.o
 .data          0x00000000        0x0 MCAL/PORT/PORT_Core.o
 .bss           0x00000000        0x0 MCAL/PORT/PORT_Core.o
 .text          0x00000000        0x0 MCAL/PWM/PWM_Core.o
 .data          0x00000000        0x0 MCAL/PWM/PWM_Core.o
 .bss           0x00000000        0x0 MCAL/PWM/PWM_Core.o
 .text.PWM_Init
                0x00000000       0x1a MCAL/PWM/PWM_Core.o
 .text.PWM0_Generate
                0x00000000       0x16 MCAL/PWM/PWM_Core.o
 .text.PWM1_Generate
                0x00000000        0x2 MCAL/PWM/PWM_Core.o
 .debug_info    0x00000000       0xee MCAL/PWM/PWM_Core.o
 .debug_abbrev  0x00000000       0xa1 MCAL/PWM/PWM_Core.o
 .debug_loc     0x00000000       0x1e MCAL/PWM/PWM_Core.o
 .debug_aranges
                0x00000000       0x30 MCAL/PWM/PWM_Core.o
 .debug_ranges  0x00000000       0x20 MCAL/PWM/PWM_Core.o
 .debug_line    0x00000000       0x9d MCAL/PWM/PWM_Core.o
 .debug_str     0x00000000      0x1a9 MCAL/PWM/PWM_Core.o
 .comment       0x00000000       0x31 MCAL/PWM/PWM_Core.o
 .debug_frame   0x00000000       0x44 MCAL/PWM/PWM_Core.o
 .text          0x00000000        0x0 MCAL/SPI/SPI_Core.o
 .data          0x00000000        0x0 MCAL/SPI/SPI_Core.o
 .bss           0x00000000        0x0 MCAL/SPI/SPI_Core.o
 .text.SPI_Init
                0x00000000        0x8 MCAL/SPI/SPI_Core.o
 .text.SPI_TranSiver
                0x00000000        0xa MCAL/SPI/SPI_Core.o
 .debug_info    0x00000000       0xfa MCAL/SPI/SPI_Core.o
 .debug_abbrev  0x00000000       0xa5 MCAL/SPI/SPI_Core.o
 .debug_loc     0x00000000       0x3e MCAL/SPI/SPI_Core.o
 .debug_aranges
                0x00000000       0x28 MCAL/SPI/SPI_Core.o
 .debug_ranges  0x00000000       0x18 MCAL/SPI/SPI_Core.o
 .debug_line    0x00000000       0x93 MCAL/SPI/SPI_Core.o
 .debug_str     0x00000000      0x1ae MCAL/SPI/SPI_Core.o
 .comment       0x00000000       0x31 MCAL/SPI/SPI_Core.o
 .debug_frame   0x00000000       0x34 MCAL/SPI/SPI_Core.o
 .text          0x00000000        0x0 MCAL/UART/UART_Core.o
 .data          0x00000000        0x0 MCAL/UART/UART_Core.o
 .bss           0x00000000        0x0 MCAL/UART/UART_Core.o
 .text.UART_Init
                0x00000000       0x24 MCAL/UART/UART_Core.o
 .text.UART_InitiateTx
                0x00000000        0xe MCAL/UART/UART_Core.o
 .text.UART_SendData
                0x00000000       0x32 MCAL/UART/UART_Core.o
 .text.UART_ReceiveData
                0x00000000       0x28 MCAL/UART/UART_Core.o
 .text.UART_ReceiveStatus
                0x00000000       0x12 MCAL/UART/UART_Core.o
 .bss.REC_COUNTER.1613
                0x00000000        0x1 MCAL/UART/UART_Core.o
 .bss.RECEIVE_STATUS_FLAG
                0x00000000        0x1 MCAL/UART/UART_Core.o
 COMMON         0x00000000       0x11 MCAL/UART/UART_Core.o
 .text          0x00000000        0x0 c:/program files (x86)/atmel/studio/7.0/toolchain/avr8/avr8-gnu-toolchain/bin/../lib/gcc/avr/5.4.0/../../../../avr/lib/avr5\libm.a(divsf3.o)
 .data          0x00000000        0x0 c:/program files (x86)/atmel/studio/7.0/toolchain/avr8/avr8-gnu-toolchain/bin/../lib/gcc/avr/5.4.0/../../../../avr/lib/avr5\libm.a(divsf3.o)
 .bss           0x00000000        0x0 c:/program files (x86)/atmel/studio/7.0/toolchain/avr8/avr8-gnu-toolchain/bin/../lib/gcc/avr/5.4.0/../../../../avr/lib/avr5\libm.a(divsf3.o)
 .text.avr-libc.fplib
                0x00000000        0x8 c:/program files (x86)/atmel/studio/7.0/toolchain/avr8/avr8-gnu-toolchain/bin/../lib/gcc/avr/5.4.0/../../../../avr/lib/avr5\libm.a(divsf3.o)
 .text          0x00000000        0x0 c:/program files (x86)/atmel/studio/7.0/toolchain/avr8/avr8-gnu-toolchain/bin/../lib/gcc/avr/5.4.0/../../../../avr/lib/avr5\libm.a(divsf3x.o)
 .data          0x00000000        0x0 c:/program files (x86)/atmel/studio/7.0/toolchain/avr8/avr8-gnu-toolchain/bin/../lib/gcc/avr/5.4.0/../../../../avr/lib/avr5\libm.a(divsf3x.o)
 .bss           0x00000000        0x0 c:/program files (x86)/atmel/studio/7.0/toolchain/avr8/avr8-gnu-toolchain/bin/../lib/gcc/avr/5.4.0/../../../../avr/lib/avr5\libm.a(divsf3x.o)
 .text.avr-libc.fplib
                0x00000000       0xdc c:/program files (x86)/atmel/studio/7.0/toolchain/avr8/avr8-gnu-toolchain/bin/../lib/gcc/avr/5.4.0/../../../../avr/lib/avr5\libm.a(divsf3x.o)
 .text          0x00000000        0x0 c:/program files (x86)/atmel/studio/7.0/toolchain/avr8/avr8-gnu-toolchain/bin/../lib/gcc/avr/5.4.0/../../../../avr/lib/avr5\libm.a(fixsfsi.o)
 .data          0x00000000        0x0 c:/program files (x86)/atmel/studio/7.0/toolchain/avr8/avr8-gnu-toolchain/bin/../lib/gcc/avr/5.4.0/../../../../avr/lib/avr5\libm.a(fixsfsi.o)
 .bss           0x00000000        0x0 c:/program files (x86)/atmel/studio/7.0/toolchain/avr8/avr8-gnu-toolchain/bin/../lib/gcc/avr/5.4.0/../../../../avr/lib/avr5\libm.a(fixsfsi.o)
 .text          0x00000000        0x0 c:/program files (x86)/atmel/studio/7.0/toolchain/avr8/avr8-gnu-toolchain/bin/../lib/gcc/avr/5.4.0/../../../../avr/lib/avr5\libm.a(fixunssfsi.o)
 .data          0x00000000        0x0 c:/program files (x86)/atmel/studio/7.0/toolchain/avr8/avr8-gnu-toolchain/bin/../lib/gcc/avr/5.4.0/../../../../avr/lib/avr5\libm.a(fixunssfsi.o)
 .bss           0x00000000        0x0 c:/program files (x86)/atmel/studio/7.0/toolchain/avr8/avr8-gnu-toolchain/bin/../lib/gcc/avr/5.4.0/../../../../avr/lib/avr5\libm.a(fixunssfsi.o)
 .text          0x00000000        0x0 c:/program files (x86)/atmel/studio/7.0/toolchain/avr8/avr8-gnu-toolchain/bin/../lib/gcc/avr/5.4.0/../../../../avr/lib/avr5\libm.a(floatsisf.o)
 .data          0x00000000        0x0 c:/program files (x86)/atmel/studio/7.0/toolchain/avr8/avr8-gnu-toolchain/bin/../lib/gcc/avr/5.4.0/../../../../avr/lib/avr5\libm.a(floatsisf.o)
 .bss           0x00000000        0x0 c:/program files (x86)/atmel/studio/7.0/toolchain/avr8/avr8-gnu-toolchain/bin/../lib/gcc/avr/5.4.0/../../../../avr/lib/avr5\libm.a(floatsisf.o)
 .text.avr-libc.fplib
                0x00000000       0x7a c:/program files (x86)/atmel/studio/7.0/toolchain/avr8/avr8-gnu-toolchain/bin/../lib/gcc/avr/5.4.0/../../../../avr/lib/avr5\libm.a(floatsisf.o)
 .text          0x00000000        0x0 c:/program files (x86)/atmel/studio/7.0/toolchain/avr8/avr8-gnu-toolchain/bin/../lib/gcc/avr/5.4.0/../../../../avr/lib/avr5\libm.a(fp_inf.o)
 .data          0x00000000        0x0 c:/program files (x86)/atmel/studio/7.0/toolchain/avr8/avr8-gnu-toolchain/bin/../lib/gcc/avr/5.4.0/../../../../avr/lib/avr5\libm.a(fp_inf.o)
 .bss           0x00000000        0x0 c:/program files (x86)/atmel/studio/7.0/toolchain/avr8/avr8-gnu-toolchain/bin/../lib/gcc/avr/5.4.0/../../../../avr/lib/avr5\libm.a(fp_inf.o)
 .text          0x00000000        0x0 c:/program files (x86)/atmel/studio/7.0/toolchain/avr8/avr8-gnu-toolchain/bin/../lib/gcc/avr/5.4.0/../../../../avr/lib/avr5\libm.a(fp_nan.o)
 .data          0x00000000        0x0 c:/program files (x86)/atmel/studio/7.0/toolchain/avr8/avr8-gnu-toolchain/bin/../lib/gcc/avr/5.4.0/../../../../avr/lib/avr5\libm.a(fp_nan.o)
 .bss           0x00000000        0x0 c:/program files (x86)/atmel/studio/7.0/toolchain/avr8/avr8-gnu-toolchain/bin/../lib/gcc/avr/5.4.0/../../../../avr/lib/avr5\libm.a(fp_nan.o)
 .text          0x00000000        0x0 c:/program files (x86)/atmel/studio/7.0/toolchain/avr8/avr8-gnu-toolchain/bin/../lib/gcc/avr/5.4.0/../../../../avr/lib/avr5\libm.a(fp_pscA.o)
 .data          0x00000000        0x0 c:/program files (x86)/atmel/studio/7.0/toolchain/avr8/avr8-gnu-toolchain/bin/../lib/gcc/avr/5.4.0/../../../../avr/lib/avr5\libm.a(fp_pscA.o)
 .bss           0x00000000        0x0 c:/program files (x86)/atmel/studio/7.0/toolchain/avr8/avr8-gnu-toolchain/bin/../lib/gcc/avr/5.4.0/../../../../avr/lib/avr5\libm.a(fp_pscA.o)
 .text          0x00000000        0x0 c:/program files (x86)/atmel/studio/7.0/toolchain/avr8/avr8-gnu-toolchain/bin/../lib/gcc/avr/5.4.0/../../../../avr/lib/avr5\libm.a(fp_pscB.o)
 .data          0x00000000        0x0 c:/program files (x86)/atmel/studio/7.0/toolchain/avr8/avr8-gnu-toolchain/bin/../lib/gcc/avr/5.4.0/../../../../avr/lib/avr5\libm.a(fp_pscB.o)
 .bss           0x00000000        0x0 c:/program files (x86)/atmel/studio/7.0/toolchain/avr8/avr8-gnu-toolchain/bin/../lib/gcc/avr/5.4.0/../../../../avr/lib/avr5\libm.a(fp_pscB.o)
 .text          0x00000000        0x0 c:/program files (x86)/atmel/studio/7.0/toolchain/avr8/avr8-gnu-toolchain/bin/../lib/gcc/avr/5.4.0/../../../../avr/lib/avr5\libm.a(fp_round.o)
 .data          0x00000000        0x0 c:/program files (x86)/atmel/studio/7.0/toolchain/avr8/avr8-gnu-toolchain/bin/../lib/gcc/avr/5.4.0/../../../../avr/lib/avr5\libm.a(fp_round.o)
 .bss           0x00000000        0x0 c:/program files (x86)/atmel/studio/7.0/toolchain/avr8/avr8-gnu-toolchain/bin/../lib/gcc/avr/5.4.0/../../../../avr/lib/avr5\libm.a(fp_round.o)
 .text          0x00000000        0x0 c:/program files (x86)/atmel/studio/7.0/toolchain/avr8/avr8-gnu-toolchain/bin/../lib/gcc/avr/5.4.0/../../../../avr/lib/avr5\libm.a(fp_split3.o)
 .data          0x00000000        0x0 c:/program files (x86)/atmel/studio/7.0/toolchain/avr8/avr8-gnu-toolchain/bin/../lib/gcc/avr/5.4.0/../../../../avr/lib/avr5\libm.a(fp_split3.o)
 .bss           0x00000000        0x0 c:/program files (x86)/atmel/studio/7.0/toolchain/avr8/avr8-gnu-toolchain/bin/../lib/gcc/avr/5.4.0/../../../../avr/lib/avr5\libm.a(fp_split3.o)
 .text          0x00000000        0x0 c:/program files (x86)/atmel/studio/7.0/toolchain/avr8/avr8-gnu-toolchain/bin/../lib/gcc/avr/5.4.0/../../../../avr/lib/avr5\libm.a(fp_zero.o)
 .data          0x00000000        0x0 c:/program files (x86)/atmel/studio/7.0/toolchain/avr8/avr8-gnu-toolchain/bin/../lib/gcc/avr/5.4.0/../../../../avr/lib/avr5\libm.a(fp_zero.o)
 .bss           0x00000000        0x0 c:/program files (x86)/atmel/studio/7.0/toolchain/avr8/avr8-gnu-toolchain/bin/../lib/gcc/avr/5.4.0/../../../../avr/lib/avr5\libm.a(fp_zero.o)
 .text          0x00000000        0x0 c:/program files (x86)/atmel/studio/7.0/toolchain/avr8/avr8-gnu-toolchain/bin/../lib/gcc/avr/5.4.0/../../../../avr/lib/avr5\libm.a(mulsf3.o)
 .data          0x00000000        0x0 c:/program files (x86)/atmel/studio/7.0/toolchain/avr8/avr8-gnu-toolchain/bin/../lib/gcc/avr/5.4.0/../../../../avr/lib/avr5\libm.a(mulsf3.o)
 .bss           0x00000000        0x0 c:/program files (x86)/atmel/studio/7.0/toolchain/avr8/avr8-gnu-toolchain/bin/../lib/gcc/avr/5.4.0/../../../../avr/lib/avr5\libm.a(mulsf3.o)
 .text          0x00000000        0x0 c:/program files (x86)/atmel/studio/7.0/toolchain/avr8/avr8-gnu-toolchain/bin/../lib/gcc/avr/5.4.0/../../../../avr/lib/avr5\libm.a(mulsf3x.o)
 .data          0x00000000        0x0 c:/program files (x86)/atmel/studio/7.0/toolchain/avr8/avr8-gnu-toolchain/bin/../lib/gcc/avr/5.4.0/../../../../avr/lib/avr5\libm.a(mulsf3x.o)
 .bss           0x00000000        0x0 c:/program files (x86)/atmel/studio/7.0/toolchain/avr8/avr8-gnu-toolchain/bin/../lib/gcc/avr/5.4.0/../../../../avr/lib/avr5\libm.a(mulsf3x.o)
 .text          0x00000000        0x0 c:/program files (x86)/atmel/studio/7.0/toolchain/avr8/avr8-gnu-toolchain/bin/../lib/gcc/avr/5.4.0/avr5\libgcc.a(_divmodhi4.o)
 .data          0x00000000        0x0 c:/program files (x86)/atmel/studio/7.0/toolchain/avr8/avr8-gnu-toolchain/bin/../lib/gcc/avr/5.4.0/avr5\libgcc.a(_divmodhi4.o)
 .bss           0x00000000        0x0 c:/program files (x86)/atmel/studio/7.0/toolchain/avr8/avr8-gnu-toolchain/bin/../lib/gcc/avr/5.4.0/avr5\libgcc.a(_divmodhi4.o)
 .text.libgcc.mul
                0x00000000        0x0 c:/program files (x86)/atmel/studio/7.0/toolchain/avr8/avr8-gnu-toolchain/bin/../lib/gcc/avr/5.4.0/avr5\libgcc.a(_divmodhi4.o)
 .text.libgcc.div
                0x00000000       0x28 c:/program files (x86)/atmel/studio/7.0/toolchain/avr8/avr8-gnu-toolchain/bin/../lib/gcc/avr/5.4.0/avr5\libgcc.a(_divmodhi4.o)
 .text.libgcc   0x00000000        0x0 c:/program files (x86)/atmel/studio/7.0/toolchain/avr8/avr8-gnu-toolchain/bin/../lib/gcc/avr/5.4.0/avr5\libgcc.a(_divmodhi4.o)
 .text.libgcc.prologue
                0x00000000        0x0 c:/program files (x86)/atmel/studio/7.0/toolchain/avr8/avr8-gnu-toolchain/bin/../lib/gcc/avr/5.4.0/avr5\libgcc.a(_divmodhi4.o)
 .text.libgcc.builtins
                0x00000000        0x0 c:/program files (x86)/atmel/studio/7.0/toolchain/avr8/avr8-gnu-toolchain/bin/../lib/gcc/avr/5.4.0/avr5\libgcc.a(_divmodhi4.o)
 .text.libgcc.fmul
                0x00000000        0x0 c:/program files (x86)/atmel/studio/7.0/toolchain/avr8/avr8-gnu-toolchain/bin/../lib/gcc/avr/5.4.0/avr5\libgcc.a(_divmodhi4.o)
 .text.libgcc.fixed
                0x00000000        0x0 c:/program files (x86)/atmel/studio/7.0/toolchain/avr8/avr8-gnu-toolchain/bin/../lib/gcc/avr/5.4.0/avr5\libgcc.a(_divmodhi4.o)
 .text          0x00000000        0x0 c:/program files (x86)/atmel/studio/7.0/toolchain/avr8/avr8-gnu-toolchain/bin/../lib/gcc/avr/5.4.0/avr5\libgcc.a(_udivmodsi4.o)
 .data          0x00000000        0x0 c:/program files (x86)/atmel/studio/7.0/toolchain/avr8/avr8-gnu-toolchain/bin/../lib/gcc/avr/5.4.0/avr5\libgcc.a(_udivmodsi4.o)
 .bss           0x00000000        0x0 c:/program files (x86)/atmel/studio/7.0/toolchain/avr8/avr8-gnu-toolchain/bin/../lib/gcc/avr/5.4.0/avr5\libgcc.a(_udivmodsi4.o)
 .text.libgcc.mul
                0x00000000        0x0 c:/program files (x86)/atmel/studio/7.0/toolchain/avr8/avr8-gnu-toolchain/bin/../lib/gcc/avr/5.4.0/avr5\libgcc.a(_udivmodsi4.o)
 .text.libgcc   0x00000000        0x0 c:/program files (x86)/atmel/studio/7.0/toolchain/avr8/avr8-gnu-toolchain/bin/../lib/gcc/avr/5.4.0/avr5\libgcc.a(_udivmodsi4.o)
 .text.libgcc.prologue
                0x00000000        0x0 c:/program files (x86)/atmel/studio/7.0/toolchain/avr8/avr8-gnu-toolchain/bin/../lib/gcc/avr/5.4.0/avr5\libgcc.a(_udivmodsi4.o)
 .text.libgcc.builtins
                0x00000000        0x0 c:/program files (x86)/atmel/studio/7.0/toolchain/avr8/avr8-gnu-toolchain/bin/../lib/gcc/avr/5.4.0/avr5\libgcc.a(_udivmodsi4.o)
 .text.libgcc.fmul
                0x00000000        0x0 c:/program files (x86)/atmel/studio/7.0/toolchain/avr8/avr8-gnu-toolchain/bin/../lib/gcc/avr/5.4.0/avr5\libgcc.a(_udivmodsi4.o)
 .text.libgcc.fixed
                0x00000000        0x0 c:/program files (x86)/atmel/studio/7.0/toolchain/avr8/avr8-gnu-toolchain/bin/../lib/gcc/avr/5.4.0/avr5\libgcc.a(_udivmodsi4.o)
 .text          0x00000000        0x0 c:/program files (x86)/atmel/studio/7.0/toolchain/avr8/avr8-gnu-toolchain/bin/../lib/gcc/avr/5.4.0/avr5\libgcc.a(_divmodsi4.o)
 .data          0x00000000        0x0 c:/program files (x86)/atmel/studio/7.0/toolchain/avr8/avr8-gnu-toolchain/bin/../lib/gcc/avr/5.4.0/avr5\libgcc.a(_divmodsi4.o)
 .bss           0x00000000        0x0 c:/program files (x86)/atmel/studio/7.0/toolchain/avr8/avr8-gnu-toolchain/bin/../lib/gcc/avr/5.4.0/avr5\libgcc.a(_divmodsi4.o)
 .text.libgcc.mul
                0x00000000        0x0 c:/program files (x86)/atmel/studio/7.0/toolchain/avr8/avr8-gnu-toolchain/bin/../lib/gcc/avr/5.4.0/avr5\libgcc.a(_divmodsi4.o)
 .text.libgcc   0x00000000        0x0 c:/program files (x86)/atmel/studio/7.0/toolchain/avr8/avr8-gnu-toolchain/bin/../lib/gcc/avr/5.4.0/avr5\libgcc.a(_divmodsi4.o)
 .text.libgcc.prologue
                0x00000000        0x0 c:/program files (x86)/atmel/studio/7.0/toolchain/avr8/avr8-gnu-toolchain/bin/../lib/gcc/avr/5.4.0/avr5\libgcc.a(_divmodsi4.o)
 .text.libgcc.builtins
                0x00000000        0x0 c:/program files (x86)/atmel/studio/7.0/toolchain/avr8/avr8-gnu-toolchain/bin/../lib/gcc/avr/5.4.0/avr5\libgcc.a(_divmodsi4.o)
 .text.libgcc.fmul
                0x00000000        0x0 c:/program files (x86)/atmel/studio/7.0/toolchain/avr8/avr8-gnu-toolchain/bin/../lib/gcc/avr/5.4.0/avr5\libgcc.a(_divmodsi4.o)
 .text.libgcc.fixed
                0x00000000        0x0 c:/program files (x86)/atmel/studio/7.0/toolchain/avr8/avr8-gnu-toolchain/bin/../lib/gcc/avr/5.4.0/avr5\libgcc.a(_divmodsi4.o)
 .text          0x00000000        0x0 c:/program files (x86)/atmel/studio/7.0/toolchain/avr8/avr8-gnu-toolchain/bin/../lib/gcc/avr/5.4.0/avr5\libgcc.a(_negsi2.o)
 .data          0x00000000        0x0 c:/program files (x86)/atmel/studio/7.0/toolchain/avr8/avr8-gnu-toolchain/bin/../lib/gcc/avr/5.4.0/avr5\libgcc.a(_negsi2.o)
 .bss           0x00000000        0x0 c:/program files (x86)/atmel/studio/7.0/toolchain/avr8/avr8-gnu-toolchain/bin/../lib/gcc/avr/5.4.0/avr5\libgcc.a(_negsi2.o)
 .text.libgcc.mul
                0x00000000        0x0 c:/program files (x86)/atmel/studio/7.0/toolchain/avr8/avr8-gnu-toolchain/bin/../lib/gcc/avr/5.4.0/avr5\libgcc.a(_negsi2.o)
 .text.libgcc   0x00000000        0x0 c:/program files (x86)/atmel/studio/7.0/toolchain/avr8/avr8-gnu-toolchain/bin/../lib/gcc/avr/5.4.0/avr5\libgcc.a(_negsi2.o)
 .text.libgcc.prologue
                0x00000000        0x0 c:/program files (x86)/atmel/studio/7.0/toolchain/avr8/avr8-gnu-toolchain/bin/../lib/gcc/avr/5.4.0/avr5\libgcc.a(_negsi2.o)
 .text.libgcc.builtins
                0x00000000        0x0 c:/program files (x86)/atmel/studio/7.0/toolchain/avr8/avr8-gnu-toolchain/bin/../lib/gcc/avr/5.4.0/avr5\libgcc.a(_negsi2.o)
 .text.libgcc.fmul
                0x00000000        0x0 c:/program files (x86)/atmel/studio/7.0/toolchain/avr8/avr8-gnu-toolchain/bin/../lib/gcc/avr/5.4.0/avr5\libgcc.a(_negsi2.o)
 .text.libgcc.fixed
                0x00000000        0x0 c:/program files (x86)/atmel/studio/7.0/toolchain/avr8/avr8-gnu-toolchain/bin/../lib/gcc/avr/5.4.0/avr5\libgcc.a(_negsi2.o)
 .text          0x00000000        0x0 c:/program files (x86)/atmel/studio/7.0/toolchain/avr8/avr8-gnu-toolchain/bin/../lib/gcc/avr/5.4.0/avr5\libgcc.a(_exit.o)
 .data          0x00000000        0x0 c:/program files (x86)/atmel/studio/7.0/toolchain/avr8/avr8-gnu-toolchain/bin/../lib/gcc/avr/5.4.0/avr5\libgcc.a(_exit.o)
 .bss           0x00000000        0x0 c:/program files (x86)/atmel/studio/7.0/toolchain/avr8/avr8-gnu-toolchain/bin/../lib/gcc/avr/5.4.0/avr5\libgcc.a(_exit.o)
 .text.libgcc.mul
                0x00000000        0x0 c:/program files (x86)/atmel/studio/7.0/toolchain/avr8/avr8-gnu-toolchain/bin/../lib/gcc/avr/5.4.0/avr5\libgcc.a(_exit.o)
 .text.libgcc.div
                0x00000000        0x0 c:/program files (x86)/atmel/studio/7.0/toolchain/avr8/avr8-gnu-toolchain/bin/../lib/gcc/avr/5.4.0/avr5\libgcc.a(_exit.o)
 .text.libgcc   0x00000000        0x0 c:/program files (x86)/atmel/studio/7.0/toolchain/avr8/avr8-gnu-toolchain/bin/../lib/gcc/avr/5.4.0/avr5\libgcc.a(_exit.o)
 .text.libgcc.prologue
                0x00000000        0x0 c:/program files (x86)/atmel/studio/7.0/toolchain/avr8/avr8-gnu-toolchain/bin/../lib/gcc/avr/5.4.0/avr5\libgcc.a(_exit.o)
 .text.libgcc.builtins
                0x00000000        0x0 c:/program files (x86)/atmel/studio/7.0/toolchain/avr8/avr8-gnu-toolchain/bin/../lib/gcc/avr/5.4.0/avr5\libgcc.a(_exit.o)
 .text.libgcc.fmul
                0x00000000        0x0 c:/program files (x86)/atmel/studio/7.0/toolchain/avr8/avr8-gnu-toolchain/bin/../lib/gcc/avr/5.4.0/avr5\libgcc.a(_exit.o)
 .text.libgcc.fixed
                0x00000000        0x0 c:/program files (x86)/atmel/studio/7.0/toolchain/avr8/avr8-gnu-toolchain/bin/../lib/gcc/avr/5.4.0/avr5\libgcc.a(_exit.o)
 .text          0x00000000        0x0 c:/program files (x86)/atmel/studio/7.0/toolchain/avr8/avr8-gnu-toolchain/bin/../lib/gcc/avr/5.4.0/avr5\libgcc.a(_copy_data.o)
 .data          0x00000000        0x0 c:/program files (x86)/atmel/studio/7.0/toolchain/avr8/avr8-gnu-toolchain/bin/../lib/gcc/avr/5.4.0/avr5\libgcc.a(_copy_data.o)
 .bss           0x00000000        0x0 c:/program files (x86)/atmel/studio/7.0/toolchain/avr8/avr8-gnu-toolchain/bin/../lib/gcc/avr/5.4.0/avr5\libgcc.a(_copy_data.o)
 .text.libgcc.mul
                0x00000000        0x0 c:/program files (x86)/atmel/studio/7.0/toolchain/avr8/avr8-gnu-toolchain/bin/../lib/gcc/avr/5.4.0/avr5\libgcc.a(_copy_data.o)
 .text.libgcc.div
                0x00000000        0x0 c:/program files (x86)/atmel/studio/7.0/toolchain/avr8/avr8-gnu-toolchain/bin/../lib/gcc/avr/5.4.0/avr5\libgcc.a(_copy_data.o)
 .text.libgcc   0x00000000        0x0 c:/program files (x86)/atmel/studio/7.0/toolchain/avr8/avr8-gnu-toolchain/bin/../lib/gcc/avr/5.4.0/avr5\libgcc.a(_copy_data.o)
 .text.libgcc.prologue
                0x00000000        0x0 c:/program files (x86)/atmel/studio/7.0/toolchain/avr8/avr8-gnu-toolchain/bin/../lib/gcc/avr/5.4.0/avr5\libgcc.a(_copy_data.o)
 .text.libgcc.builtins
                0x00000000        0x0 c:/program files (x86)/atmel/studio/7.0/toolchain/avr8/avr8-gnu-toolchain/bin/../lib/gcc/avr/5.4.0/avr5\libgcc.a(_copy_data.o)
 .text.libgcc.fmul
                0x00000000        0x0 c:/program files (x86)/atmel/studio/7.0/toolchain/avr8/avr8-gnu-toolchain/bin/../lib/gcc/avr/5.4.0/avr5\libgcc.a(_copy_data.o)
 .text.libgcc.fixed
                0x00000000        0x0 c:/program files (x86)/atmel/studio/7.0/toolchain/avr8/avr8-gnu-toolchain/bin/../lib/gcc/avr/5.4.0/avr5\libgcc.a(_copy_data.o)
 .text          0x00000000        0x0 c:/program files (x86)/atmel/studio/7.0/toolchain/avr8/avr8-gnu-toolchain/bin/../lib/gcc/avr/5.4.0/avr5\libgcc.a(_clear_bss.o)
 .data          0x00000000        0x0 c:/program files (x86)/atmel/studio/7.0/toolchain/avr8/avr8-gnu-toolchain/bin/../lib/gcc/avr/5.4.0/avr5\libgcc.a(_clear_bss.o)
 .bss           0x00000000        0x0 c:/program files (x86)/atmel/studio/7.0/toolchain/avr8/avr8-gnu-toolchain/bin/../lib/gcc/avr/5.4.0/avr5\libgcc.a(_clear_bss.o)
 .text.libgcc.mul
                0x00000000        0x0 c:/program files (x86)/atmel/studio/7.0/toolchain/avr8/avr8-gnu-toolchain/bin/../lib/gcc/avr/5.4.0/avr5\libgcc.a(_clear_bss.o)
 .text.libgcc.div
                0x00000000        0x0 c:/program files (x86)/atmel/studio/7.0/toolchain/avr8/avr8-gnu-toolchain/bin/../lib/gcc/avr/5.4.0/avr5\libgcc.a(_clear_bss.o)
 .text.libgcc   0x00000000        0x0 c:/program files (x86)/atmel/studio/7.0/toolchain/avr8/avr8-gnu-toolchain/bin/../lib/gcc/avr/5.4.0/avr5\libgcc.a(_clear_bss.o)
 .text.libgcc.prologue
                0x00000000        0x0 c:/program files (x86)/atmel/studio/7.0/toolchain/avr8/avr8-gnu-toolchain/bin/../lib/gcc/avr/5.4.0/avr5\libgcc.a(_clear_bss.o)
 .text.libgcc.builtins
                0x00000000        0x0 c:/program files (x86)/atmel/studio/7.0/toolchain/avr8/avr8-gnu-toolchain/bin/../lib/gcc/avr/5.4.0/avr5\libgcc.a(_clear_bss.o)
 .text.libgcc.fmul
                0x00000000        0x0 c:/program files (x86)/atmel/studio/7.0/toolchain/avr8/avr8-gnu-toolchain/bin/../lib/gcc/avr/5.4.0/avr5\libgcc.a(_clear_bss.o)
 .text.libgcc.fixed
                0x00000000        0x0 c:/program files (x86)/atmel/studio/7.0/toolchain/avr8/avr8-gnu-toolchain/bin/../lib/gcc/avr/5.4.0/avr5\libgcc.a(_clear_bss.o)
 .text          0x00000000        0x0 c:/program files (x86)/atmel/studio/7.0/toolchain/avr8/avr8-gnu-toolchain/bin/../lib/gcc/avr/5.4.0/avr5\libgcc.a(_mulhisi3.o)
 .data          0x00000000        0x0 c:/program files (x86)/atmel/studio/7.0/toolchain/avr8/avr8-gnu-toolchain/bin/../lib/gcc/avr/5.4.0/avr5\libgcc.a(_mulhisi3.o)
 .bss           0x00000000        0x0 c:/program files (x86)/atmel/studio/7.0/toolchain/avr8/avr8-gnu-toolchain/bin/../lib/gcc/avr/5.4.0/avr5\libgcc.a(_mulhisi3.o)
 .text.libgcc.div
                0x00000000        0x0 c:/program files (x86)/atmel/studio/7.0/toolchain/avr8/avr8-gnu-toolchain/bin/../lib/gcc/avr/5.4.0/avr5\libgcc.a(_mulhisi3.o)
 .text.libgcc   0x00000000        0x0 c:/program files (x86)/atmel/studio/7.0/toolchain/avr8/avr8-gnu-toolchain/bin/../lib/gcc/avr/5.4.0/avr5\libgcc.a(_mulhisi3.o)
 .text.libgcc.prologue
                0x00000000        0x0 c:/program files (x86)/atmel/studio/7.0/toolchain/avr8/avr8-gnu-toolchain/bin/../lib/gcc/avr/5.4.0/avr5\libgcc.a(_mulhisi3.o)
 .text.libgcc.builtins
                0x00000000        0x0 c:/program files (x86)/atmel/studio/7.0/toolchain/avr8/avr8-gnu-toolchain/bin/../lib/gcc/avr/5.4.0/avr5\libgcc.a(_mulhisi3.o)
 .text.libgcc.fmul
                0x00000000        0x0 c:/program files (x86)/atmel/studio/7.0/toolchain/avr8/avr8-gnu-toolchain/bin/../lib/gcc/avr/5.4.0/avr5\libgcc.a(_mulhisi3.o)
 .text.libgcc.fixed
                0x00000000        0x0 c:/program files (x86)/atmel/studio/7.0/toolchain/avr8/avr8-gnu-toolchain/bin/../lib/gcc/avr/5.4.0/avr5\libgcc.a(_mulhisi3.o)
 .text          0x00000000        0x0 c:/program files (x86)/atmel/studio/7.0/toolchain/avr8/avr8-gnu-toolchain/bin/../lib/gcc/avr/5.4.0/avr5\libgcc.a(_umulhisi3.o)
 .data          0x00000000        0x0 c:/program files (x86)/atmel/studio/7.0/toolchain/avr8/avr8-gnu-toolchain/bin/../lib/gcc/avr/5.4.0/avr5\libgcc.a(_umulhisi3.o)
 .bss           0x00000000        0x0 c:/program files (x86)/atmel/studio/7.0/toolchain/avr8/avr8-gnu-toolchain/bin/../lib/gcc/avr/5.4.0/avr5\libgcc.a(_umulhisi3.o)
 .text.libgcc.div
                0x00000000        0x0 c:/program files (x86)/atmel/studio/7.0/toolchain/avr8/avr8-gnu-toolchain/bin/../lib/gcc/avr/5.4.0/avr5\libgcc.a(_umulhisi3.o)
 .text.libgcc   0x00000000        0x0 c:/program files (x86)/atmel/studio/7.0/toolchain/avr8/avr8-gnu-toolchain/bin/../lib/gcc/avr/5.4.0/avr5\libgcc.a(_umulhisi3.o)
 .text.libgcc.prologue
                0x00000000        0x0 c:/program files (x86)/atmel/studio/7.0/toolchain/avr8/avr8-gnu-toolchain/bin/../lib/gcc/avr/5.4.0/avr5\libgcc.a(_umulhisi3.o)
 .text.libgcc.builtins
                0x00000000        0x0 c:/program files (x86)/atmel/studio/7.0/toolchain/avr8/avr8-gnu-toolchain/bin/../lib/gcc/avr/5.4.0/avr5\libgcc.a(_umulhisi3.o)
 .text.libgcc.fmul
                0x00000000        0x0 c:/program files (x86)/atmel/studio/7.0/toolchain/avr8/avr8-gnu-toolchain/bin/../lib/gcc/avr/5.4.0/avr5\libgcc.a(_umulhisi3.o)
 .text.libgcc.fixed
                0x00000000        0x0 c:/program files (x86)/atmel/studio/7.0/toolchain/avr8/avr8-gnu-toolchain/bin/../lib/gcc/avr/5.4.0/avr5\libgcc.a(_umulhisi3.o)
 .text          0x00000000        0x0 c:/program files (x86)/atmel/studio/7.0/toolchain/avr8/avr8-gnu-toolchain/bin/../lib/gcc/avr/5.4.0/avr5\libgcc.a(_usmulhisi3.o)
 .data          0x00000000        0x0 c:/program files (x86)/atmel/studio/7.0/toolchain/avr8/avr8-gnu-toolchain/bin/../lib/gcc/avr/5.4.0/avr5\libgcc.a(_usmulhisi3.o)
 .bss           0x00000000        0x0 c:/program files (x86)/atmel/studio/7.0/toolchain/avr8/avr8-gnu-toolchain/bin/../lib/gcc/avr/5.4.0/avr5\libgcc.a(_usmulhisi3.o)
 .text.libgcc.div
                0x00000000        0x0 c:/program files (x86)/atmel/studio/7.0/toolchain/avr8/avr8-gnu-toolchain/bin/../lib/gcc/avr/5.4.0/avr5\libgcc.a(_usmulhisi3.o)
 .text.libgcc   0x00000000        0x0 c:/program files (x86)/atmel/studio/7.0/toolchain/avr8/avr8-gnu-toolchain/bin/../lib/gcc/avr/5.4.0/avr5\libgcc.a(_usmulhisi3.o)
 .text.libgcc.prologue
                0x00000000        0x0 c:/program files (x86)/atmel/studio/7.0/toolchain/avr8/avr8-gnu-toolchain/bin/../lib/gcc/avr/5.4.0/avr5\libgcc.a(_usmulhisi3.o)
 .text.libgcc.builtins
                0x00000000        0x0 c:/program files (x86)/atmel/studio/7.0/toolchain/avr8/avr8-gnu-toolchain/bin/../lib/gcc/avr/5.4.0/avr5\libgcc.a(_usmulhisi3.o)
 .text.libgcc.fmul
                0x00000000        0x0 c:/program files (x86)/atmel/studio/7.0/toolchain/avr8/avr8-gnu-toolchain/bin/../lib/gcc/avr/5.4.0/avr5\libgcc.a(_usmulhisi3.o)
 .text.libgcc.fixed
                0x00000000        0x0 c:/program files (x86)/atmel/studio/7.0/toolchain/avr8/avr8-gnu-toolchain/bin/../lib/gcc/avr/5.4.0/avr5\libgcc.a(_usmulhisi3.o)
 .text          0x00000000        0x0 c:/program files (x86)/atmel/studio/7.0/toolchain/avr8/avr8-gnu-toolchain/bin/../lib/gcc/avr/5.4.0/avr5\libgcc.a(_muluhisi3.o)
 .data          0x00000000        0x0 c:/program files (x86)/atmel/studio/7.0/toolchain/avr8/avr8-gnu-toolchain/bin/../lib/gcc/avr/5.4.0/avr5\libgcc.a(_muluhisi3.o)
 .bss           0x00000000        0x0 c:/program files (x86)/atmel/studio/7.0/toolchain/avr8/avr8-gnu-toolchain/bin/../lib/gcc/avr/5.4.0/avr5\libgcc.a(_muluhisi3.o)
 .text.libgcc.div
                0x00000000        0x0 c:/program files (x86)/atmel/studio/7.0/toolchain/avr8/avr8-gnu-toolchain/bin/../lib/gcc/avr/5.4.0/avr5\libgcc.a(_muluhisi3.o)
 .text.libgcc   0x00000000        0x0 c:/program files (x86)/atmel/studio/7.0/toolchain/avr8/avr8-gnu-toolchain/bin/../lib/gcc/avr/5.4.0/avr5\libgcc.a(_muluhisi3.o)
 .text.libgcc.prologue
                0x00000000        0x0 c:/program files (x86)/atmel/studio/7.0/toolchain/avr8/avr8-gnu-toolchain/bin/../lib/gcc/avr/5.4.0/avr5\libgcc.a(_muluhisi3.o)
 .text.libgcc.builtins
                0x00000000        0x0 c:/program files (x86)/atmel/studio/7.0/toolchain/avr8/avr8-gnu-toolchain/bin/../lib/gcc/avr/5.4.0/avr5\libgcc.a(_muluhisi3.o)
 .text.libgcc.fmul
                0x00000000        0x0 c:/program files (x86)/atmel/studio/7.0/toolchain/avr8/avr8-gnu-toolchain/bin/../lib/gcc/avr/5.4.0/avr5\libgcc.a(_muluhisi3.o)
 .text.libgcc.fixed
                0x00000000        0x0 c:/program files (x86)/atmel/studio/7.0/toolchain/avr8/avr8-gnu-toolchain/bin/../lib/gcc/avr/5.4.0/avr5\libgcc.a(_muluhisi3.o)
 .text          0x00000000        0x0 c:/program files (x86)/atmel/studio/7.0/toolchain/avr8/avr8-gnu-toolchain/bin/../lib/gcc/avr/5.4.0/avr5\libgcc.a(_udivmodhi4.o)
 .data          0x00000000        0x0 c:/program files (x86)/atmel/studio/7.0/toolchain/avr8/avr8-gnu-toolchain/bin/../lib/gcc/avr/5.4.0/avr5\libgcc.a(_udivmodhi4.o)
 .bss           0x00000000        0x0 c:/program files (x86)/atmel/studio/7.0/toolchain/avr8/avr8-gnu-toolchain/bin/../lib/gcc/avr/5.4.0/avr5\libgcc.a(_udivmodhi4.o)
 .text.libgcc.mul
                0x00000000        0x0 c:/program files (x86)/atmel/studio/7.0/toolchain/avr8/avr8-gnu-toolchain/bin/../lib/gcc/avr/5.4.0/avr5\libgcc.a(_udivmodhi4.o)
 .text.libgcc.div
                0x00000000       0x28 c:/program files (x86)/atmel/studio/7.0/toolchain/avr8/avr8-gnu-toolchain/bin/../lib/gcc/avr/5.4.0/avr5\libgcc.a(_udivmodhi4.o)
 .text.libgcc   0x00000000        0x0 c:/program files (x86)/atmel/studio/7.0/toolchain/avr8/avr8-gnu-toolchain/bin/../lib/gcc/avr/5.4.0/avr5\libgcc.a(_udivmodhi4.o)
 .text.libgcc.prologue
                0x00000000        0x0 c:/program files (x86)/atmel/studio/7.0/toolchain/avr8/avr8-gnu-toolchain/bin/../lib/gcc/avr/5.4.0/avr5\libgcc.a(_udivmodhi4.o)
 .text.libgcc.builtins
                0x00000000        0x0 c:/program files (x86)/atmel/studio/7.0/toolchain/avr8/avr8-gnu-toolchain/bin/../lib/gcc/avr/5.4.0/avr5\libgcc.a(_udivmodhi4.o)
 .text.libgcc.fmul
                0x00000000        0x0 c:/program files (x86)/atmel/studio/7.0/toolchain/avr8/avr8-gnu-toolchain/bin/../lib/gcc/avr/5.4.0/avr5\libgcc.a(_udivmodhi4.o)
 .text.libgcc.fixed
                0x00000000        0x0 c:/program files (x86)/atmel/studio/7.0/toolchain/avr8/avr8-gnu-toolchain/bin/../lib/gcc/avr/5.4.0/avr5\libgcc.a(_udivmodhi4.o)

Memory Configuration

Name             Origin             Length             Attributes
text             0x00000000         0x00008000         xr
data             0x00800060         0x00000800         rw !x
eeprom           0x00810000         0x00000400         rw !x
fuse             0x00820000         0x00000002         rw !x
lock             0x00830000         0x00000400         rw !x
signature        0x00840000         0x00000400         rw !x
user_signatures  0x00850000         0x00000400         rw !x
*default*        0x00000000         0xffffffff

Linker script and memory map

LOAD C:/Program Files (x86)/Atmel/Studio/7.0/Packs/atmel/ATmega_DFP/1.7.374/gcc/dev/atmega32/avr5/crtatmega32.o
LOAD APP/CFGH/MCAL_CFG/PORT_CFG/PORT_LCFG.o
LOAD APP/MAIN/main.o
LOAD HAL/BTN/BTN.o
LOAD HAL/EEPROM/EEPROM_Core.o
LOAD HAL/Keypad/KeyPad_Core.o
LOAD HAL/LCD/LCD_Core.o
LOAD HAL/LED/LED.o
LOAD HAL/Seven_Seg/SevSeg_Core.o
LOAD HAL/Temp_Sensor/TempSensor_Core.o
LOAD HAL/Ultra_Sonic/Ultrasonic.o
LOAD MCAL/ADC/ADC_Core.o
LOAD MCAL/DIO/DIO_Core.o
LOAD MCAL/FXP/FXP.o
LOAD MCAL/GPT/GPT_Core.o
LOAD MCAL/I2C/I2C_Core.o
LOAD MCAL/ICU/ICU_Core.o
LOAD MCAL/IRQH/IRQH_Core.o
LOAD MCAL/LUT_Sine/LUT.o
LOAD MCAL/PORT/PORT_Core.o
LOAD MCAL/PWM/PWM_Core.o
LOAD MCAL/SPI/SPI_Core.o
LOAD MCAL/UART/UART_Core.o
START GROUP
LOAD c:/program files (x86)/atmel/studio/7.0/toolchain/avr8/avr8-gnu-toolchain/bin/../lib/gcc/avr/5.4.0/../../../../avr/lib/avr5\libm.a
END GROUP
LOAD c:/program files (x86)/atmel/studio/7.0/toolchain/avr8/avr8-gnu-toolchain/bin/../lib/gcc/avr/5.4.0/avr5\libgcc.a
LOAD c:/program files (x86)/atmel/studio/7.0/toolchain/avr8/avr8-gnu-toolchain/bin/../lib/gcc/avr/5.4.0/../../../../avr/lib/avr5\libm.a
START GROUP
LOAD c:/program files (x86)/atmel/studio/7.0/toolchain/avr8/avr8-gnu-toolchain/bin/../lib/gcc/avr/5.4.0/avr5\libgcc.a
LOAD c:/program files (x86)/atmel/studio/7.0/toolchain/avr8/avr8-gnu-toolchain/bin/../lib/gcc/avr/5.4.0/../../../../avr/lib/avr5\libm.a
LOAD c:/program files (x86)/atmel/studio/7.0/toolchain/avr8/avr8-gnu-toolchain/bin/../lib/gcc/avr/5.4.0/../../../../avr/lib/avr5\libc.a
LOAD C:/Program Files (x86)/Atmel/Studio/7.0/Packs/atmel/ATmega_DFP/1.7.374/gcc/dev/atmega32/avr5\libatmega32.a
END GROUP
                0x00000000                __TEXT_REGION_ORIGIN__ = DEFINED (__TEXT_REGION_ORIGIN__)?__TEXT_REGION_ORIGIN__:0x0
                [0x00800060]                __DATA_REGION_ORIGIN__ = DEFINED (__DATA_REGION_ORIGIN__)?__DATA_REGION_ORIGIN__:0x800060
                [0x00008000]                __TEXT_REGION_LENGTH__ = DEFINED (__TEXT_REGION_LENGTH__)?__TEXT_REGION_LENGTH__:0x20000
                [0x00000800]                __DATA_REGION_LENGTH__ = DEFINED (__DATA_REGION_LENGTH__)?__DATA_REGION_LENGTH__:0xffa0
                [0x00000400]                __EEPROM_REGION_LENGTH__ = DEFINED (__EEPROM_REGION_LENGTH__)?__EEPROM_REGION_LENGTH__:0x10000
                [0x00000002]                __FUSE_REGION_LENGTH__ = DEFINED (__FUSE_REGION_LENGTH__)?__FUSE_REGION_LENGTH__:0x400
                0x00000400                __LOCK_REGION_LENGTH__ = DEFINED (__LOCK_REGION_LENGTH__)?__LOCK_REGION_LENGTH__:0x400
                0x00000400                __SIGNATURE_REGION_LENGTH__ = DEFINED (__SIGNATURE_REGION_LENGTH__)?__SIGNATURE_REGION_LENGTH__:0x400
                0x00000400                __USER_SIGNATURE_REGION_LENGTH__ = DEFINED (__USER_SIGNATURE_REGION_LENGTH__)?__USER_SIGNATURE_REGION_LENGTH__:0x400

.hash
 *(.hash)

.dynsym
 *(.dynsym)

.dynstr
 *(.dynstr)

.gnu.version
 *(.gnu.version)

.gnu.version_d
 *(.gnu.version_d)

.gnu.version_r
 *(.gnu.version_r)

.rel.init
 *(.rel.init)

.rela.init
 *(.rela.init)

.rel.text
 *(.rel.text)
 *(.rel.text.*)
 *(.rel.gnu.linkonce.t*)

.rela.text
 *(.rela.text)
 *(.rela.text.*)
 *(.rela.gnu.linkonce.t*)

.rel.fini
 *(.rel.fini)

.rela.fini
 *(.rela.fini)

.rel.rodata
 *(.rel.rodata)
 *(.rel.rodata.*)
 *(.rel.gnu.linkonce.r*)

.rela.rodata
 *(.rela.rodata)
 *(.rela.rodata.*)
 *(.rela.gnu.linkonce.r*)

.rel.data
 *(.rel.data)
 *(.rel.data.*)
 *(.rel.gnu.linkonce.d*)

.rela.data
 *(.rela.data)
 *(.rela.data.*)
 *(.rela.gnu.linkonce.d*)

.rel.ctors
 *(.rel.ctors)

.rela.ctors
 *(.rela.ctors)

.rel.dtors
 *(.rel.dtors)

.rela.dtors
 *(.rela.dtors)

.rel.got
 *(.rel.got)

.rela.got
 *(.rela.got)

.rel.bss
 *(.rel.bss)

.rela.bss
 *(.rela.bss)

.rel.plt
 *(.rel.plt)

.rela.plt
 *(.rela.plt)

.text           0x00000000      0xdd4
 *(.vectors)
 .vectors       0x00000000       0x54 C:/Program Files (x86)/Atmel/Studio/7.0/Packs/atmel/ATmega_DFP/1.7.374/gcc/dev/atmega32/avr5/crtatmega32.o
                0x00000000                __vector_default
                0x00000000                __vectors
 *(.vectors)
 *(.progmem.gcc*)
                0x00000054                . = ALIGN (0x2)
                0x00000054                __trampolines_start = .
 *(.trampolines)
 .trampolines   0x00000054        0x0 linker stubs
 *(.trampolines*)
                0x00000054                __trampolines_end = .
 *libprintf_flt.a:*(.progmem.data)
 *libc.a:*(.progmem.data)
 *(.progmem*)
                0x00000054                . = ALIGN (0x2)
 *(.jumptables)
 *(.jumptables*)
 *(.lowtext)
 *(.lowtext*)
                0x00000054                __ctors_start = .
 *(.ctors)
                0x00000054                __ctors_end = .
                0x00000054                __dtors_start = .
 *(.dtors)
                0x00000054                __dtors_end = .
 SORT(*)(.ctors)
 SORT(*)(.dtors)
 *(.init0)
 .init0         0x00000054        0x0 C:/Program Files (x86)/Atmel/Studio/7.0/Packs/atmel/ATmega_DFP/1.7.374/gcc/dev/atmega32/avr5/crtatmega32.o
                0x00000054                __init
 *(.init0)
 *(.init1)
 *(.init1)
 *(.init2)
 .init2         0x00000054        0xc C:/Program Files (x86)/Atmel/Studio/7.0/Packs/atmel/ATmega_DFP/1.7.374/gcc/dev/atmega32/avr5/crtatmega32.o
 *(.init2)
 *(.init3)
 *(.init3)
 *(.init4)
 .init4         0x00000060       0x16 c:/program files (x86)/atmel/studio/7.0/toolchain/avr8/avr8-gnu-toolchain/bin/../lib/gcc/avr/5.4.0/avr5\libgcc.a(_copy_data.o)
                0x00000060                __do_copy_data
 .init4         0x00000076       0x10 c:/program files (x86)/atmel/studio/7.0/toolchain/avr8/avr8-gnu-toolchain/bin/../lib/gcc/avr/5.4.0/avr5\libgcc.a(_clear_bss.o)
                0x00000076                __do_clear_bss
 *(.init4)
 *(.init5)
 *(.init5)
 *(.init6)
 *(.init6)
 *(.init7)
 *(.init7)
 *(.init8)
 *(.init8)
 *(.init9)
 .init9         0x00000086        0x8 C:/Program Files (x86)/Atmel/Studio/7.0/Packs/atmel/ATmega_DFP/1.7.374/gcc/dev/atmega32/avr5/crtatmega32.o
 *(.init9)
 *(.text)
 .text          0x0000008e        0x4 C:/Program Files (x86)/Atmel/Studio/7.0/Packs/atmel/ATmega_DFP/1.7.374/gcc/dev/atmega32/avr5/crtatmega32.o
                0x0000008e                __vector_12
                0x0000008e                __bad_interrupt
                0x0000008e                __vector_3
                0x0000008e                __vector_17
                0x0000008e                __vector_19
                0x0000008e                __vector_5
                0x0000008e                __vector_4
                0x0000008e                __vector_2
                0x0000008e                __vector_8
                0x0000008e                __vector_14
                0x0000008e                __vector_10
                0x0000008e                __vector_18
                0x0000008e                __vector_20
                0x00000092                . = ALIGN (0x2)
 *(.text.*)
 .text.main     0x00000092       0xec APP/MAIN/main.o
                0x00000092                main
 .text.LCD_WriteCommand
                0x0000017e       0xbc HAL/LCD/LCD_Core.o
                0x0000017e                LCD_WriteCommand
 .text.LCD_Init
                0x0000023a       0x2c HAL/LCD/LCD_Core.o
                0x0000023a                LCD_Init
 .text.LCD_WriteChar
                0x00000266       0xbc HAL/LCD/LCD_Core.o
                0x00000266                LCD_WriteChar
 .text.LCD_WriteString
                0x00000322       0x26 HAL/LCD/LCD_Core.o
                0x00000322                LCD_WriteString
 .text.LCD_WriteInteger
                0x00000348       0xba HAL/LCD/LCD_Core.o
                0x00000348                LCD_WriteInteger
 .text.DIO_WriteChennel
                0x00000402      0x10e MCAL/DIO/DIO_Core.o
                0x00000402                DIO_WriteChennel
 .text.float_to_fixed
                0x00000510       0x12 MCAL/FXP/FXP.o
                0x00000510                float_to_fixed
 .text.fixed_add
                0x00000522       0x38 MCAL/FXP/FXP.o
                0x00000522                fixed_add
 .text.fixed_sub
                0x0000055a       0x3a MCAL/FXP/FXP.o
                0x0000055a                fixed_sub
 .text.fixed_mult
                0x00000594       0x3a MCAL/FXP/FXP.o
                0x00000594                fixed_mult
 .text.fixed_DIV
                0x000005ce       0x62 MCAL/FXP/FXP.o
                0x000005ce                fixed_DIV
 .text.__vector_1
                0x00000630       0x52 MCAL/IRQH/IRQH_Core.o
                0x00000630                __vector_1
 .text.__vector_16
                0x00000682       0x84 MCAL/IRQH/IRQH_Core.o
                0x00000682                __vector_16
 .text.__vector_11
                0x00000706       0x82 MCAL/IRQH/IRQH_Core.o
                0x00000706                __vector_11
 .text.__vector_7
                0x00000788       0x60 MCAL/IRQH/IRQH_Core.o
                0x00000788                __vector_7
 .text.__vector_9
                0x000007e8       0x4a MCAL/IRQH/IRQH_Core.o
                0x000007e8                __vector_9
 .text.__vector_6
                0x00000832      0x160 MCAL/IRQH/IRQH_Core.o
                0x00000832                __vector_6
 .text.__vector_13
                0x00000992       0x52 MCAL/IRQH/IRQH_Core.o
                0x00000992                __vector_13
 .text.__vector_15
                0x000009e4       0x28 MCAL/IRQH/IRQH_Core.o
                0x000009e4                __vector_15
 .text.PORT_Init
                0x00000a0c      0x108 MCAL/PORT/PORT_Core.o
                0x00000a0c                PORT_Init
 .text.avr-libc.fplib
                0x00000b14        0xe c:/program files (x86)/atmel/studio/7.0/toolchain/avr8/avr8-gnu-toolchain/bin/../lib/gcc/avr/5.4.0/../../../../avr/lib/avr5\libm.a(fixsfsi.o)
                0x00000b14                __fixsfsi
 .text.avr-libc.fplib
                0x00000b22       0x5e c:/program files (x86)/atmel/studio/7.0/toolchain/avr8/avr8-gnu-toolchain/bin/../lib/gcc/avr/5.4.0/../../../../avr/lib/avr5\libm.a(fixunssfsi.o)
                0x00000b22                __fixunssfsi
 .text.avr-libc.fplib
                0x00000b80        0xc c:/program files (x86)/atmel/studio/7.0/toolchain/avr8/avr8-gnu-toolchain/bin/../lib/gcc/avr/5.4.0/../../../../avr/lib/avr5\libm.a(fp_inf.o)
                0x00000b80                __fp_inf
 .text.avr-libc.fplib
                0x00000b8c        0x6 c:/program files (x86)/atmel/studio/7.0/toolchain/avr8/avr8-gnu-toolchain/bin/../lib/gcc/avr/5.4.0/../../../../avr/lib/avr5\libm.a(fp_nan.o)
                0x00000b8c                __fp_nan
 .text.avr-libc.fplib
                0x00000b92        0xe c:/program files (x86)/atmel/studio/7.0/toolchain/avr8/avr8-gnu-toolchain/bin/../lib/gcc/avr/5.4.0/../../../../avr/lib/avr5\libm.a(fp_pscA.o)
                0x00000b92                __fp_pscA
 .text.avr-libc.fplib
                0x00000ba0        0xe c:/program files (x86)/atmel/studio/7.0/toolchain/avr8/avr8-gnu-toolchain/bin/../lib/gcc/avr/5.4.0/../../../../avr/lib/avr5\libm.a(fp_pscB.o)
                0x00000ba0                __fp_pscB
 .text.avr-libc.fplib
                0x00000bae       0x22 c:/program files (x86)/atmel/studio/7.0/toolchain/avr8/avr8-gnu-toolchain/bin/../lib/gcc/avr/5.4.0/../../../../avr/lib/avr5\libm.a(fp_round.o)
                0x00000bae                __fp_round
 .text.avr-libc.fplib
                0x00000bd0       0x44 c:/program files (x86)/atmel/studio/7.0/toolchain/avr8/avr8-gnu-toolchain/bin/../lib/gcc/avr/5.4.0/../../../../avr/lib/avr5\libm.a(fp_split3.o)
                0x00000bd0                __fp_split3
                0x00000be0                __fp_splitA
 .text.avr-libc.fplib
                0x00000c14        0xe c:/program files (x86)/atmel/studio/7.0/toolchain/avr8/avr8-gnu-toolchain/bin/../lib/gcc/avr/5.4.0/../../../../avr/lib/avr5\libm.a(fp_zero.o)
                0x00000c14                __fp_zero
                0x00000c16                __fp_szero
 .text.avr-libc.fplib
                0x00000c22        0x8 c:/program files (x86)/atmel/studio/7.0/toolchain/avr8/avr8-gnu-toolchain/bin/../lib/gcc/avr/5.4.0/../../../../avr/lib/avr5\libm.a(mulsf3.o)
                0x00000c22                __mulsf3
 .text.avr-libc.fplib
                0x00000c2a       0xd2 c:/program files (x86)/atmel/studio/7.0/toolchain/avr8/avr8-gnu-toolchain/bin/../lib/gcc/avr/5.4.0/../../../../avr/lib/avr5\libm.a(mulsf3x.o)
                0x00000c48                __mulsf3x
                0x00000c4e                __mulsf3_pse
 .text.libgcc.div
                0x00000cfc       0x44 c:/program files (x86)/atmel/studio/7.0/toolchain/avr8/avr8-gnu-toolchain/bin/../lib/gcc/avr/5.4.0/avr5\libgcc.a(_udivmodsi4.o)
                0x00000cfc                __udivmodsi4
 .text.libgcc.div
                0x00000d40       0x2e c:/program files (x86)/atmel/studio/7.0/toolchain/avr8/avr8-gnu-toolchain/bin/../lib/gcc/avr/5.4.0/avr5\libgcc.a(_divmodsi4.o)
                0x00000d40                __divmodsi4
 .text.libgcc.div
                0x00000d6e       0x10 c:/program files (x86)/atmel/studio/7.0/toolchain/avr8/avr8-gnu-toolchain/bin/../lib/gcc/avr/5.4.0/avr5\libgcc.a(_negsi2.o)
                0x00000d6e                __negsi2
 .text.libgcc.mul
                0x00000d7e       0x10 c:/program files (x86)/atmel/studio/7.0/toolchain/avr8/avr8-gnu-toolchain/bin/../lib/gcc/avr/5.4.0/avr5\libgcc.a(_mulhisi3.o)
                0x00000d7e                __mulhisi3
 .text.libgcc.mul
                0x00000d8e       0x1e c:/program files (x86)/atmel/studio/7.0/toolchain/avr8/avr8-gnu-toolchain/bin/../lib/gcc/avr/5.4.0/avr5\libgcc.a(_umulhisi3.o)
                0x00000d8e                __umulhisi3
 .text.libgcc.mul
                0x00000dac        0xe c:/program files (x86)/atmel/studio/7.0/toolchain/avr8/avr8-gnu-toolchain/bin/../lib/gcc/avr/5.4.0/avr5\libgcc.a(_usmulhisi3.o)
                0x00000dac                __usmulhisi3
                0x00000db0                __usmulhisi3_tail
 .text.libgcc.mul
                0x00000dba       0x16 c:/program files (x86)/atmel/studio/7.0/toolchain/avr8/avr8-gnu-toolchain/bin/../lib/gcc/avr/5.4.0/avr5\libgcc.a(_muluhisi3.o)
                0x00000dba                __muluhisi3
                0x00000dd0                . = ALIGN (0x2)
 *(.fini9)
 .fini9         0x00000dd0        0x0 c:/program files (x86)/atmel/studio/7.0/toolchain/avr8/avr8-gnu-toolchain/bin/../lib/gcc/avr/5.4.0/avr5\libgcc.a(_exit.o)
                0x00000dd0                _exit
                0x00000dd0                exit
 *(.fini9)
 *(.fini8)
 *(.fini8)
 *(.fini7)
 *(.fini7)
 *(.fini6)
 *(.fini6)
 *(.fini5)
 *(.fini5)
 *(.fini4)
 *(.fini4)
 *(.fini3)
 *(.fini3)
 *(.fini2)
 *(.fini2)
 *(.fini1)
 *(.fini1)
 *(.fini0)
 .fini0         0x00000dd0        0x4 c:/program files (x86)/atmel/studio/7.0/toolchain/avr8/avr8-gnu-toolchain/bin/../lib/gcc/avr/5.4.0/avr5\libgcc.a(_exit.o)
 *(.fini0)
                0x00000dd4                _etext = .

.data           0x00800060       0x1a load address 0x00000dd4
                0x00800060                PROVIDE (__data_start, .)
 *(.data)
 *(.data*)
 *(.gnu.linkonce.d*)
 *(.rodata)
 *(.rodata*)
 .rodata.PORT_Initialization
                0x00800060       0x18 APP/CFGH/MCAL_CFG/PORT_CFG/PORT_LCFG.o
                0x00800060                PORT_Initialization
 .rodata.str1.1
                0x00800078        0x2 APP/MAIN/main.o
 *(.gnu.linkonce.r*)
                0x0080007a                . = ALIGN (0x2)
                0x0080007a                _edata = .
                0x0080007a                PROVIDE (__data_end, .)

.bss            0x0080007a       0x4c
                0x0080007a                PROVIDE (__bss_start, .)
 *(.bss)
 *(.bss*)
 .bss.ADC_Vin_Value_mv
                0x0080007a        0x4 MCAL/ADC/ADC_Core.o
                0x0080007a                ADC_Vin_Value_mv
 .bss.TIMER0_Init_Value_g
                0x0080007e        0x4 MCAL/GPT/GPT_Core.o
                0x0080007e                TIMER0_Init_Value_g
 .bss.TIMER0_Number_OVRflows_g
                0x00800082        0x4 MCAL/GPT/GPT_Core.o
                0x00800082                TIMER0_Number_OVRflows_g
 .bss.Capture_Flag
                0x00800086        0x4 MCAL/ICU/ICU_Core.o
                0x00800086                Capture_Flag
 .bss.Captured_Readings_3
                0x0080008a        0x4 MCAL/ICU/ICU_Core.o
                0x0080008a                Captured_Readings_3
 .bss.Captured_Readings_2
                0x0080008e        0x4 MCAL/ICU/ICU_Core.o
                0x0080008e                Captured_Readings_2
 .bss.Captured_Readings_1
                0x00800092        0x4 MCAL/ICU/ICU_Core.o
                0x00800092                Captured_Readings_1
 .bss.INT_CNT_l.1674
                0x00800096        0x1 MCAL/IRQH/IRQH_Core.o
 .bss.INT_CNT_l.1668
                0x00800097        0x1 MCAL/IRQH/IRQH_Core.o
 .bss.TIMER1_Number_OVRflows_g
                0x00800098        0x4 MCAL/IRQH/IRQH_Core.o
                0x00800098                TIMER1_Number_OVRflows_g
 .bss.CallBack_PtrFunc
                0x0080009c       0x28 MCAL/IRQH/IRQH_Core.o
                0x0080009c                CallBack_PtrFunc
 .bss.TX_Cnt    0x008000c4        0x1 MCAL/UART/UART_Core.o
                0x008000c4                TX_Cnt
 .bss.TX_STATUS_FLAG
                0x008000c5        0x1 MCAL/UART/UART_Core.o
                0x008000c5                TX_STATUS_FLAG
 *(COMMON)
                0x008000c6                PROVIDE (__bss_end, .)
                0x00000dd4                __data_load_start = LOADADDR (.data)
                0x00000dee                __data_load_end = (__data_load_start + SIZEOF (.data))

.noinit         0x008000c6        0x0
                [!provide]                PROVIDE (__noinit_start, .)
 *(.noinit*)
                [!provide]                PROVIDE (__noinit_end, .)
                0x008000c6                _end = .
                [!provide]                PROVIDE (__heap_start, .)

.eeprom         0x00810000        0x0
 *(.eeprom*)
                0x00810000                __eeprom_end = .

.fuse
 *(.fuse)
 *(.lfuse)
 *(.hfuse)
 *(.efuse)

.lock
 *(.lock*)

.signature
 *(.signature*)

.user_signatures
 *(.user_signatures*)

.stab
 *(.stab)

.stabstr
 *(.stabstr)

.stab.excl
 *(.stab.excl)

.stab.exclstr
 *(.stab.exclstr)

.stab.index
 *(.stab.index)

.stab.indexstr
 *(.stab.indexstr)

.comment        0x00000000       0x30
 *(.comment)
 .comment       0x00000000       0x30 APP/CFGH/MCAL_CFG/PORT_CFG/PORT_LCFG.o
                                 0x31 (size before relaxing)
 .comment       0x00000030       0x31 APP/MAIN/main.o
 .comment       0x00000030       0x31 HAL/LCD/LCD_Core.o
 .comment       0x00000030       0x31 MCAL/ADC/ADC_Core.o
 .comment       0x00000030       0x31 MCAL/DIO/DIO_Core.o
 .comment       0x00000030       0x31 MCAL/FXP/FXP.o
 .comment       0x00000030       0x31 MCAL/GPT/GPT_Core.o
 .comment       0x00000030       0x31 MCAL/ICU/ICU_Core.o
 .comment       0x00000030       0x31 MCAL/IRQH/IRQH_Core.o
 .comment       0x00000030       0x31 MCAL/PORT/PORT_Core.o
 .comment       0x00000030       0x31 MCAL/UART/UART_Core.o

.note.gnu.avr.deviceinfo
                0x00000000       0x3c
 .note.gnu.avr.deviceinfo
                0x00000000       0x3c C:/Program Files (x86)/Atmel/Studio/7.0/Packs/atmel/ATmega_DFP/1.7.374/gcc/dev/atmega32/avr5/crtatmega32.o

.note.gnu.build-id
 *(.note.gnu.build-id)

.debug
 *(.debug)

.line
 *(.line)

.debug_srcinfo
 *(.debug_srcinfo)

.debug_sfnames
 *(.debug_sfnames)

.debug_aranges  0x00000000      0x258
 *(.debug_aranges)
 .debug_aranges
                0x00000000       0x18 APP/CFGH/MCAL_CFG/PORT_CFG/PORT_LCFG.o
 .debug_aranges
                0x00000018       0x20 APP/MAIN/main.o
 .debug_aranges
                0x00000038       0x50 HAL/LCD/LCD_Core.o
 .debug_aranges
                0x00000088       0x28 MCAL/ADC/ADC_Core.o
 .debug_aranges
                0x000000b0       0x40 MCAL/DIO/DIO_Core.o
 .debug_aranges
                0x000000f0       0x48 MCAL/FXP/FXP.o
 .debug_aranges
                0x00000138       0x28 MCAL/GPT/GPT_Core.o
 .debug_aranges
                0x00000160       0x28 MCAL/ICU/ICU_Core.o
 .debug_aranges
                0x00000188       0x70 MCAL/IRQH/IRQH_Core.o
 .debug_aranges
                0x000001f8       0x20 MCAL/PORT/PORT_Core.o
 .debug_aranges
                0x00000218       0x40 MCAL/UART/UART_Core.o

.debug_pubnames
 *(.debug_pubnames)

.debug_info     0x00000000     0x1e22
 *(.debug_info .gnu.linkonce.wi.*)
 .debug_info    0x00000000      0x4e6 C:/Program Files (x86)/Atmel/Studio/7.0/Packs/atmel/ATmega_DFP/1.7.374/gcc/dev/atmega32/avr5/crtatmega32.o
 .debug_info    0x000004e6       0xe8 APP/CFGH/MCAL_CFG/PORT_CFG/PORT_LCFG.o
 .debug_info    0x000005ce      0x33b APP/MAIN/main.o
 .debug_info    0x00000909      0x752 HAL/LCD/LCD_Core.o
 .debug_info    0x0000105b       0xc7 MCAL/ADC/ADC_Core.o
 .debug_info    0x00001122      0x22b MCAL/DIO/DIO_Core.o
 .debug_info    0x0000134d      0x313 MCAL/FXP/FXP.o
 .debug_info    0x00001660       0xff MCAL/GPT/GPT_Core.o
 .debug_info    0x0000175f      0x116 MCAL/ICU/ICU_Core.o
 .debug_info    0x00001875      0x2c9 MCAL/IRQH/IRQH_Core.o
 .debug_info    0x00001b3e      0x146 MCAL/PORT/PORT_Core.o
 .debug_info    0x00001c84      0x19e MCAL/UART/UART_Core.o

.debug_abbrev   0x00000000      0xe58
 *(.debug_abbrev)
 .debug_abbrev  0x00000000      0x4a3 C:/Program Files (x86)/Atmel/Studio/7.0/Packs/atmel/ATmega_DFP/1.7.374/gcc/dev/atmega32/avr5/crtatmega32.o
 .debug_abbrev  0x000004a3       0x91 APP/CFGH/MCAL_CFG/PORT_CFG/PORT_LCFG.o
 .debug_abbrev  0x00000534       0xb2 APP/MAIN/main.o
 .debug_abbrev  0x000005e6      0x19f HAL/LCD/LCD_Core.o
 .debug_abbrev  0x00000785       0x8b MCAL/ADC/ADC_Core.o
 .debug_abbrev  0x00000810       0xf7 MCAL/DIO/DIO_Core.o
 .debug_abbrev  0x00000907       0xfa MCAL/FXP/FXP.o
 .debug_abbrev  0x00000a01       0x9a MCAL/GPT/GPT_Core.o
 .debug_abbrev  0x00000a9b       0x94 MCAL/ICU/ICU_Core.o
 .debug_abbrev  0x00000b2f      0x192 MCAL/IRQH/IRQH_Core.o
 .debug_abbrev  0x00000cc1       0xcf MCAL/PORT/PORT_Core.o
 .debug_abbrev  0x00000d90       0xc8 MCAL/UART/UART_Core.o

.debug_line     0x00000000      0xf25
 *(.debug_line .debug_line.* .debug_line_end)
 .debug_line    0x00000000      0x116 C:/Program Files (x86)/Atmel/Studio/7.0/Packs/atmel/ATmega_DFP/1.7.374/gcc/dev/atmega32/avr5/crtatmega32.o
 .debug_line    0x00000116       0x69 APP/CFGH/MCAL_CFG/PORT_CFG/PORT_LCFG.o
 .debug_line    0x0000017f      0x14c APP/MAIN/main.o
 .debug_line    0x000002cb      0x2ce HAL/LCD/LCD_Core.o
 .debug_line    0x00000599       0xa4 MCAL/ADC/ADC_Core.o
 .debug_line    0x0000063d      0x205 MCAL/DIO/DIO_Core.o
 .debug_line    0x00000842      0x12b MCAL/FXP/FXP.o
 .debug_line    0x0000096d       0x98 MCAL/GPT/GPT_Core.o
 .debug_line    0x00000a05       0x9f MCAL/ICU/ICU_Core.o
 .debug_line    0x00000aa4      0x22d MCAL/IRQH/IRQH_Core.o
 .debug_line    0x00000cd1      0x127 MCAL/PORT/PORT_Core.o
 .debug_line    0x00000df8      0x12d MCAL/UART/UART_Core.o

.debug_frame    0x00000000      0x66c
 *(.debug_frame)
 .debug_frame   0x00000000       0x68 APP/MAIN/main.o
 .debug_frame   0x00000068       0xd4 HAL/LCD/LCD_Core.o
 .debug_frame   0x0000013c       0x34 MCAL/ADC/ADC_Core.o
 .debug_frame   0x00000170       0x64 MCAL/DIO/DIO_Core.o
 .debug_frame   0x000001d4       0xfc MCAL/FXP/FXP.o
 .debug_frame   0x000002d0       0x34 MCAL/GPT/GPT_Core.o
 .debug_frame   0x00000304       0x34 MCAL/ICU/ICU_Core.o
 .debug_frame   0x00000338      0x2ac MCAL/IRQH/IRQH_Core.o
 .debug_frame   0x000005e4       0x24 MCAL/PORT/PORT_Core.o
 .debug_frame   0x00000608       0x64 MCAL/UART/UART_Core.o

.debug_str      0x00000000      0x8e3
 *(.debug_str)
 .debug_str     0x00000000      0x196 C:/Program Files (x86)/Atmel/Studio/7.0/Packs/atmel/ATmega_DFP/1.7.374/gcc/dev/atmega32/avr5/crtatmega32.o
 .debug_str     0x00000196      0x19e APP/CFGH/MCAL_CFG/PORT_CFG/PORT_LCFG.o
                                0x1d8 (size before relaxing)
 .debug_str     0x00000334       0xde APP/MAIN/main.o
                                0x225 (size before relaxing)
 .debug_str     0x00000412       0xb3 HAL/LCD/LCD_Core.o
                                0x271 (size before relaxing)
 .debug_str     0x000004c5       0x4c MCAL/ADC/ADC_Core.o
                                0x1a4 (size before relaxing)
 .debug_str     0x00000511       0x7b MCAL/DIO/DIO_Core.o
                                0x1f1 (size before relaxing)
 .debug_str     0x0000058c       0x40 MCAL/FXP/FXP.o
                                0x1b9 (size before relaxing)
 .debug_str     0x000005cc       0x91 MCAL/GPT/GPT_Core.o
                                0x1e9 (size before relaxing)
 .debug_str     0x0000065d       0x83 MCAL/ICU/ICU_Core.o
                                0x1db (size before relaxing)
 .debug_str     0x000006e0      0x120 MCAL/IRQH/IRQH_Core.o
                                0x348 (size before relaxing)
 .debug_str     0x00000800       0x19 MCAL/PORT/PORT_Core.o
                                0x1d6 (size before relaxing)
 .debug_str     0x00000819       0xca MCAL/UART/UART_Core.o
                                0x238 (size before relaxing)

.debug_loc      0x00000000     0x1690
 *(.debug_loc)
 .debug_loc     0x00000000      0x14c APP/MAIN/main.o
 .debug_loc     0x0000014c      0x49a HAL/LCD/LCD_Core.o
 .debug_loc     0x000005e6      0x45d MCAL/DIO/DIO_Core.o
 .debug_loc     0x00000a43      0x4d6 MCAL/FXP/FXP.o
 .debug_loc     0x00000f19      0x5ce MCAL/IRQH/IRQH_Core.o
 .debug_loc     0x000014e7      0x151 MCAL/PORT/PORT_Core.o
 .debug_loc     0x00001638       0x58 MCAL/UART/UART_Core.o

.debug_macinfo
 *(.debug_macinfo)

.debug_weaknames
 *(.debug_weaknames)

.debug_funcnames
 *(.debug_funcnames)

.debug_typenames
 *(.debug_typenames)

.debug_varnames
 *(.debug_varnames)

.debug_pubtypes
 *(.debug_pubtypes)

.debug_ranges   0x00000000      0x1a0
 *(.debug_ranges)
 .debug_ranges  0x00000000       0x10 APP/MAIN/main.o
 .debug_ranges  0x00000010       0x40 HAL/LCD/LCD_Core.o
 .debug_ranges  0x00000050       0x18 MCAL/ADC/ADC_Core.o
 .debug_ranges  0x00000068       0x30 MCAL/DIO/DIO_Core.o
 .debug_ranges  0x00000098       0x38 MCAL/FXP/FXP.o
 .debug_ranges  0x000000d0       0x18 MCAL/GPT/GPT_Core.o
 .debug_ranges  0x000000e8       0x18 MCAL/ICU/ICU_Core.o
 .debug_ranges  0x00000100       0x60 MCAL/IRQH/IRQH_Core.o
 .debug_ranges  0x00000160       0x10 MCAL/PORT/PORT_Core.o
 .debug_ranges  0x00000170       0x30 MCAL/UART/UART_Core.o

.debug_macro
 *(.debug_macro)
OUTPUT(Task0.0.elf elf32-avr)
LOAD linker stubs
